<html>
<body>
<pre>
<h1>µVision Build Log</h1>
<h2>Project:</h2>
E:\LED\LED\LED.uvproj
Project File Date:  09/08/2015

<h2>Output:</h2>
Rebuild target 'Target 1'
assembling startup_stm32f030.s...
compiling adc.c...
User\adc.c(78): warning:  #550-D: variable "d" was set but never used
    unsigned char a,b,c,d,i;
User\adc.c: 1 warning, 0 errors
compiling gpio.c...
compiling stm32f0xx_it.c...
compiling systick.c...
compiling main.c...
compiling stm32f0xx_adc.c...
compiling stm32f0xx_gpio.c...
compiling system_stm32f0xx.c...
compiling stm32f0xx_rcc.c...
linking...
Program Size: Code=4276 RO-data=212 RW-data=40 ZI-data=1632  
FromELF: creating hex file...
".\Output\LED.axf" - 0 Error(s), 1 Warning(s).
</pre>
</body>
</html>
nished: 1 information, 0 warning and 5 error messages.
".\Output\LED.axf" - 5 Error(s), 0 Warning(s).
Target not created
riphClockCmd (referred from gpio.o).
.\Output\LED.axf: Error: L6218E: Undefined symbol RCC_APB2PeriphResetCmd (referred from stm32f0xx_adc.o).
.\Output\LED.axf: Error: L6218E: Undefined symbol RCC_AHBPeriphResetCmd (referred from stm32f0xx_gpio.o).
Not enough information to list image symbols.
Finished: 1 information, 0 warning and 6 error messages.
".\Output\LED.axf" - 6 Error(s), 1 Warning(s).
Target not created
file or directory
    #include "stm32f0xx_conf.h"
User\main.c: 0 warnings, 1 error
compiling stm32f0xx_adc.c...
D:\software\Keil\ARM\Inc\ST\STM32F0xx\stm32f0xx.h(5087): error:  #5: cannot open source input file "stm32f0xx_conf.h": No such file or directory
    #include "stm32f0xx_conf.h"
FWlib\src\stm32f0xx_adc.c: 0 warnings, 1 error
compiling stm32f0xx_gpio.c...
D:\software\Keil\ARM\Inc\ST\STM32F0xx\stm32f0xx.h(5087): error:  #5: cannot open source input file "stm32f0xx_conf.h": No such file or directory
    #include "stm32f0xx_conf.h"
FWlib\src\stm32f0xx_gpio.c: 0 warnings, 1 error
".\Output\LED.axf" - 7 Error(s), 0 Warning(s).
Target not created
