ARM Linker, 5.03 [Build 76] [MDK-ARM Lite]

==============================================================================

Section Cross References

    startup_stm32f030.o(STACK) refers (Special) to heapauxi.o(.text) for __use_two_region_memory
    startup_stm32f030.o(HEAP) refers (Special) to heapauxi.o(.text) for __use_two_region_memory
    startup_stm32f030.o(RESET) refers (Special) to heapauxi.o(.text) for __use_two_region_memory
    startup_stm32f030.o(RESET) refers to startup_stm32f030.o(STACK) for __initial_sp
    startup_stm32f030.o(RESET) refers to startup_stm32f030.o(.text) for Reset_Handler
    startup_stm32f030.o(RESET) refers to stm32f0xx_it.o(.text) for NMI_Handler
    startup_stm32f030.o(.text) refers (Special) to heapauxi.o(.text) for __use_two_region_memory
    startup_stm32f030.o(.text) refers to system_stm32f0xx.o(.text) for SystemInit
    startup_stm32f030.o(.text) refers to __main.o(!!!main) for __main
    startup_stm32f030.o(.text) refers to startup_stm32f030.o(HEAP) for Heap_Mem
    startup_stm32f030.o(.text) refers to startup_stm32f030.o(STACK) for Stack_Mem
    adc.o(.text) refers to stm32f0xx_rcc.o(.text) for RCC_APB2PeriphClockCmd
    adc.o(.text) refers to stm32f0xx_dma.o(.text) for DMA_DeInit
    adc.o(.text) refers to stm32f0xx_gpio.o(.text) for GPIO_Init
    adc.o(.text) refers to stm32f0xx_adc.o(.text) for ADC_DeInit
    adc.o(.text) refers to aeabi_sdiv.o(.text) for __aeabi_idivmod
    adc.o(.text) refers to adc.o(.bss) for AD_Value
    adc.o(.text) refers to adc.o(.data) for i
    gpio.o(.text) refers to stm32f0xx_rcc.o(.text) for RCC_AHBPeriphClockCmd
    gpio.o(.text) refers to stm32f0xx_gpio.o(.text) for GPIO_Init
    stm32f0xx_it.o(.text) refers to main.o(.text) for Time_Decrement
    stm32f0xx_it.o(.text) refers to stm32f0xx_usart.o(.text) for USART_GetITStatus
    stm32f0xx_it.o(.text) refers to stm32f0xx_it.o(.data) for uart1_rx
    main.o(.text) refers to dflti.o(.text) for __aeabi_ui2d
    main.o(.text) refers to ddiv.o(.text) for __aeabi_ddiv
    main.o(.text) refers to daddsub.o(.text) for __aeabi_dsub
    main.o(.text) refers to dmul.o(.text) for __aeabi_dmul
    main.o(.text) refers to rt_memcpy.o(.emb_text) for __aeabi_memcpy4
    main.o(.text) refers to dlef.o(x$fpl$dleqf) for __aeabi_cdcmple
    main.o(.text) refers to dfixi.o(.text) for __aeabi_d2iz
    main.o(.text) refers to stm32f0xx_usart.o(.text) for USART_SendData
    main.o(.text) refers to deqf.o(x$fpl$deqf) for __aeabi_cdcmpeq
    main.o(.text) refers to stm32f0xx_tim.o(.text) for TIM_Cmd
    main.o(.text) refers to drlef.o(x$fpl$drleqf) for __aeabi_cdrcmple
    main.o(.text) refers to adc.o(.bss) for value
    main.o(.text) refers to main.o(.data) for ISLA
    main.o(.text) refers to main.o(.constdata) for .constdata
    main.o(.text) refers to dfixui.o(.text) for __aeabi_d2uiz
    main.o(.text) refers to system_stm32f0xx.o(.text) for SystemInit
    main.o(.text) refers to adc.o(.text) for adc_conf
    main.o(.text) refers to pwm.o(.text) for pwm_conf
    main.o(.text) refers to usart.o(.text) for usart1_conf
    main.o(.text) refers to gpio.o(.text) for gpio_conf
    main.o(.text) refers to aeabi_sdiv.o(.text) for __aeabi_uidivmod
    main.o(.text) refers to soc.o(.text) for CalSoc
    main.o(.text) refers to soc.o(.bss) for g_SOCPara
    main.o(.text) refers to system_stm32f0xx.o(.data) for SystemCoreClock
    main.o(.text) refers to stm32f0xx_it.o(.data) for uart1_rx
    pwm.o(.text) refers to stm32f0xx_rcc.o(.text) for RCC_AHBPeriphClockCmd
    pwm.o(.text) refers to stm32f0xx_gpio.o(.text) for GPIO_Init
    pwm.o(.text) refers to aeabi_sdiv.o(.text) for __aeabi_uidivmod
    pwm.o(.text) refers to stm32f0xx_tim.o(.text) for TIM_TimeBaseInit
    pwm.o(.text) refers to system_stm32f0xx.o(.data) for SystemCoreClock
    pwm.o(.text) refers to pwm.o(.data) for TimerPeriod
    pwm.o(.text) refers to pwm.o(.bss) for TIM_TimeBaseStructure
    soc.o(.text) refers to dlef.o(x$fpl$dleqf) for __aeabi_cdcmple
    soc.o(.text) refers to dmul.o(.text) for __aeabi_dmul
    soc.o(.text) refers to ddiv.o(.text) for __aeabi_ddiv
    soc.o(.text) refers to daddsub.o(.text) for __aeabi_dsub
    soc.o(.text) refers to dflti.o(.text) for __aeabi_ui2d
    soc.o(.text) refers to dfixui.o(.text) for __aeabi_d2uiz
    soc.o(.text) refers to soc.o(.data) for g_slAS
    soc.o(.text) refers to soc.o(.bss) for g_SOCPara
    usart.o(.text) refers to stm32f0xx_rcc.o(.text) for RCC_AHBPeriphClockCmd
    usart.o(.text) refers to stm32f0xx_gpio.o(.text) for GPIO_PinAFConfig
    usart.o(.text) refers to stm32f0xx_usart.o(.text) for USART_Init
    usart.o(.text) refers to stm32f0xx_misc.o(.text) for NVIC_Init
    stm32f0xx_adc.o(.text) refers to stm32f0xx_rcc.o(.text) for RCC_APB2PeriphResetCmd
    stm32f0xx_gpio.o(.text) refers to stm32f0xx_rcc.o(.text) for RCC_AHBPeriphResetCmd
    system_stm32f0xx.o(.text) refers to aeabi_sdiv.o(.text) for __aeabi_uidivmod
[...]
    defsig_fpe_outer.o(.text) refers to defsig_exit.o(.text) for __sig_exit
    defsig_fpe_formal.o(.text) refers to rt_raise.o(.text) for __rt_raise
    libinit.o(.ARM.Collect$$libinit$$00000000) refers (Special) to libinit2.o(.ARM.Collect$$libinit$$0000002C) for __rt_lib_init_alloca_1
    libinit.o(.ARM.Collect$$libinit$$00000000) refers (Special) to libinit2.o(.ARM.Collect$$libinit$$0000002A) for __rt_lib_init_argv_1
    libinit.o(.ARM.Collect$$libinit$$00000000) refers (Special) to libinit2.o(.ARM.Collect$$libinit$$00000019) for __rt_lib_init_atexit_1
    libinit.o(.ARM.Collect$$libinit$$00000000) refers (Special) to libinit2.o(.ARM.Collect$$libinit$$0000001F) for __rt_lib_init_clock_1
    libinit.o(.ARM.Collect$$libinit$$00000000) refers (Special) to libinit2.o(.ARM.Collect$$libinit$$00000030) for __rt_lib_init_cpp_1
    libinit.o(.ARM.Collect$$libinit$$00000000) refers (Special) to libinit2.o(.ARM.Collect$$libinit$$0000002E) for __rt_lib_init_exceptions_1
    libinit.o(.ARM.Collect$$libinit$$00000000) refers (Special) to libinit2.o(.ARM.Collect$$libinit$$00000001) for __rt_lib_init_fp_1
    libinit.o(.ARM.Collect$$libinit$$00000000) refers (Special) to libinit2.o(.ARM.Collect$$libinit$$0000001D) for __rt_lib_init_fp_trap_1
    libinit.o(.ARM.Collect$$libinit$$00000000) refers (Special) to libinit2.o(.ARM.Collect$$libinit$$00000021) for __rt_lib_init_getenv_1
    libinit.o(.ARM.Collect$$libinit$$00000000) refers (Special) to libinit2.o(.ARM.Collect$$libinit$$00000008) for __rt_lib_init_heap_1
    libinit.o(.ARM.Collect$$libinit$$00000000) refers (Special) to libinit2.o(.ARM.Collect$$libinit$$0000000F) for __rt_lib_init_lc_collate_1
    libinit.o(.ARM.Collect$$libinit$$00000000) refers (Special) to libinit2.o(.ARM.Collect$$libinit$$00000011) for __rt_lib_init_lc_ctype_1
    libinit.o(.ARM.Collect$$libinit$$00000000) refers (Special) to libinit2.o(.ARM.Collect$$libinit$$00000013) for __rt_lib_init_lc_monetary_1
    libinit.o(.ARM.Collect$$libinit$$00000000) refers (Special) to libinit2.o(.ARM.Collect$$libinit$$00000015) for __rt_lib_init_lc_numeric_1
    libinit.o(.ARM.Collect$$libinit$$00000000) refers (Special) to libinit2.o(.ARM.Collect$$libinit$$00000017) for __rt_lib_init_lc_time_1
    libinit.o(.ARM.Collect$$libinit$$00000000) refers (Special) to libinit2.o(.ARM.Collect$$libinit$$0000000C) for __rt_lib_init_rand_1
    libinit.o(.ARM.Collect$$libinit$$00000000) refers (Special) to libinit2.o(.ARM.Collect$$libinit$$00000031) for __rt_lib_init_return
    libinit.o(.ARM.Collect$$libinit$$00000000) refers (Special) to libinit2.o(.ARM.Collect$$libinit$$0000001B) for __rt_lib_init_signal_1
    libinit.o(.ARM.Collect$$libinit$$00000000) refers (Special) to libinit2.o(.ARM.Collect$$libinit$$00000023) for __rt_lib_init_stdio_1
    libinit.o(.ARM.Collect$$libinit$$00000000) refers (Special) to libinit2.o(.ARM.Collect$$libinit$$0000000A) for __rt_lib_init_user_alloc_1
    retnan.o(.text) refers (Special) to usenofp.o(x$fpl$usenofp) for __I$use$fp
    retnan.o(.text) refers to cmpret.o(.text) for __fpl_cmpreturn
    libspace.o(.text) refers to libspace.o(.bss) for __libspace_start
    rtexit.o(.ARM.Collect$$rtexit$$00000000) refers (Special) to rtexit2.o(.ARM.Collect$$rtexit$$00000004) for __rt_exit_exit
    rtexit.o(.ARM.Collect$$rtexit$$00000000) refers (Special) to rtexit2.o(.ARM.Collect$$rtexit$$00000003) for __rt_exit_ls
    rtexit.o(.ARM.Collect$$rtexit$$00000000) refers (Special) to rtexit2.o(.ARM.Collect$$rtexit$$00000002) for __rt_exit_prels_1
    rtexit.o(.ARM.exidx) refers (Special) to rtexit2.o(.ARM.Collect$$rtexit$$00000004) for __rt_exit_exit
    rtexit.o(.ARM.exidx) refers (Special) to rtexit2.o(.ARM.Collect$$rtexit$$00000003) for __rt_exit_ls
    rtexit.o(.ARM.exidx) refers (Special) to rtexit2.o(.ARM.Collect$$rtexit$$00000002) for __rt_exit_prels_1
    rtexit.o(.ARM.exidx) refers to rtexit.o(.ARM.Collect$$rtexit$$00000000) for .ARM.Collect$$rtexit$$00000000
    rt_raise.o(.text) refers to __raise.o(.text) for __raise
    rt_raise.o(.text) refers to sys_exit.o(.text) for _sys_exit
    defsig_exit.o(.text) refers to sys_exit.o(.text) for _sys_exit
    defsig_fpe_inner.o(.text) refers to defsig_general.o(.text) for __default_signal_display
    libinit2.o(.ARM.Collect$$libinit$$0000000E) refers to libinit2.o(.ARM.Collect$$libinit$$0000000D) for .ARM.Collect$$libinit$$0000000D
    libinit2.o(.ARM.Collect$$libinit$$00000010) refers to libinit2.o(.ARM.Collect$$libinit$$0000000D) for .ARM.Collect$$libinit$$0000000D
    libinit2.o(.ARM.Collect$$libinit$$00000012) refers to libinit2.o(.ARM.Collect$$libinit$$0000000D) for .ARM.Collect$$libinit$$0000000D
    libinit2.o(.ARM.Collect$$libinit$$00000014) refers to libinit2.o(.ARM.Collect$$libinit$$0000000D) for .ARM.Collect$$libinit$$0000000D
    libinit2.o(.ARM.Collect$$libinit$$00000016) refers to libinit2.o(.ARM.Collect$$libinit$$0000000D) for .ARM.Collect$$libinit$$0000000D
    libinit2.o(.ARM.Collect$$libinit$$00000024) refers to argv_veneer.o(.text) for __ARM_argv_veneer
    libinit2.o(.ARM.Collect$$libinit$$00000025) refers to argv_veneer.o(.text) for __ARM_argv_veneer
    sys_exit.o(.text) refers (Special) to use_no_semi.o(.text) for __I$use$semihosting
    sys_exit.o(.text) refers (Special) to indicate_semi.o(.text) for __semihosting_library_function
    rtexit2.o(.ARM.Collect$$rtexit$$00000003) refers to libshutdown.o(.ARM.Collect$$libshutdown$$00000000) for __rt_lib_shutdown
    rtexit2.o(.ARM.Collect$$rtexit$$00000004) refers to sys_exit.o(.text) for _sys_exit
    rtexit2.o(.ARM.exidx) refers to rtexit2.o(.ARM.Collect$$rtexit$$00000001) for .ARM.Collect$$rtexit$$00000001
    rtexit2.o(.ARM.exidx) refers to rtexit2.o(.ARM.Collect$$rtexit$$00000003) for .ARM.Collect$$rtexit$$00000003
    rtexit2.o(.ARM.exidx) refers to rtexit2.o(.ARM.Collect$$rtexit$$00000004) for .ARM.Collect$$rtexit$$00000004
    __raise.o(.text) refers to defsig.o(CL$$defsig) for __default_signal_handler
    defsig_general.o(.text) refers to sys_wrch.o(.text) for _ttywrch
    sys_wrch.o(.text) refers (Special) to use_no_semi.o(.text) for __I$use$semihosting
    sys_wrch.o(.text) refers (Special) to indicate_semi.o(.text) for __semihosting_library_function
    defsig.o(CL$$defsig) refers to defsig_fpe_inner.o(.text) for __rt_SIGFPE_inner
    defsig.o(CL$$defsig) refers to defsig_rtmem_inner.o(.text) for __rt_SIGRTMEM_inner
    _get_argv_nomalloc.o(.text) refers (Special) to hrguard.o(.text) for __heap_region$guard
    _get_argv_nomalloc.o(.text) refers to defsig_rtmem_outer.o(.text) for __rt_SIGRTMEM
    _get_argv_nomalloc.o(.text) refers to sys_command.o(.text) for _sys_command_string
    libshutdown.o(.ARM.Collect$$libshutdown$$00000000) refers (Special) to libshutdown2.o(.ARM.Collect$$libshutdown$$00000006) for __rt_lib_shutdown_fp_trap_1
    libshutdown.o(.ARM.Collect$$libshutdown$$00000000) refers (Special) to libshutdown2.o(.ARM.Collect$$libshutdown$$0000000E) for __rt_lib_shutdown_heap_1
    libshutdown.o(.ARM.Collect$$libshutdown$$00000000) refers (Special) to libshutdown2.o(.ARM.Collect$$libshutdown$$0000000F) for __rt_lib_shutdown_return
    libshutdown.o(.ARM.Collect$$libshutdown$$00000000) refers (Special) to libshutdown2.o(.ARM.Collect$$libshutdown$$00000009) for __rt_lib_shutdown_signal_1
    libshutdown.o(.ARM.Collect$$libshutdown$$00000000) refers (Special) to libshutdown2.o(.ARM.Collect$$libshutdown$$00000003) for __rt_lib_shutdown_stdio_1
    libshutdown.o(.ARM.Collect$$libshutdown$$00000000) refers (Special) to libshutdown2.o(.ARM.Collect$$libshutdown$$0000000B) for __rt_lib_shutdown_user_alloc_1
    sys_command.o(.text) refers (Special) to use_no_semi.o(.text) for __I$use$semihosting
    sys_command.o(.text) refers (Special) to indicate_semi.o(.text) for __semihosting_library_function
    defsig_abrt_inner.o(.text) refers to defsig_general.o(.text) for __default_signal_display
    defsig_rtred_inner.o(.text) refers to defsig_general.o(.text) for __default_signal_display
    defsig_rtmem_inner.o(.text) refers to defsig_general.o(.text) for __default_signal_display
    defsig_rtmem_outer.o(.text) refers to defsig_rtmem_inner.o(.text) for __rt_SIGRTMEM_inner
    defsig_rtmem_outer.o(.text) refers to defsig_exit.o(.text) for __sig_exit
    defsig_rtmem_formal.o(.text) refers to rt_raise.o(.text) for __rt_raise
    defsig_stak_inner.o(.text) refers to defsig_general.o(.text) for __default_signal_display
    defsig_pvfn_inner.o(.text) refers to defsig_general.o(.text) for __default_signal_display
    defsig_cppl_inner.o(.text) refers to defsig_general.o(.text) for __default_signal_display
    defsig_segv_inner.o(.text) refers to defsig_general.o(.text) for __default_signal_display
    defsig_other.o(.text) refers to defsig_general.o(.text) for __default_signal_display


==============================================================================

Removing Unused input sections from the image.

    Removing adc.o(.rev16_text), (4 bytes).
    Removing adc.o(.revsh_text), (4 bytes).
    Removing gpio.o(.rev16_text), (4 bytes).
    Removing gpio.o(.revsh_text), (4 bytes).
    Removing gpio.o(.data), (1 bytes).
    Removing stm32f0xx_it.o(.rev16_text), (4 bytes).
    Removing stm32f0xx_it.o(.revsh_text), (4 bytes).
    Removing main.o(.rev16_text), (4 bytes).
    Removing main.o(.revsh_text), (4 bytes).
    Removing pwm.o(.rev16_text), (4 bytes).
    Removing pwm.o(.revsh_text), (4 bytes).
    Removing soc.o(.rev16_text), (4 bytes).
    Removing soc.o(.revsh_text), (4 bytes).
    Removing usart.o(.rev16_text), (4 bytes).
    Removing usart.o(.revsh_text), (4 bytes).
    Removing stm32f0xx_adc.o(.rev16_text), (4 bytes).
    Removing stm32f0xx_adc.o(.revsh_text), (4 bytes).
    Removing stm32f0xx_gpio.o(.rev16_text), (4 bytes).
    Removing stm32f0xx_gpio.o(.revsh_text), (4 bytes).
    Removing system_stm32f0xx.o(.rev16_text), (4 bytes).
    Removing system_stm32f0xx.o(.revsh_text), (4 bytes).
    Removing stm32f0xx_rcc.o(.rev16_text), (4 bytes).
    Removing stm32f0xx_rcc.o(.revsh_text), (4 bytes).
    Removing stm32f0xx_tim.o(.rev16_text), (4 bytes).
    Removing stm32f0xx_tim.o(.revsh_text), (4 bytes).
    Removing stm32f0xx_dma.o(.rev16_text), (4 bytes).
    Removing stm32f0xx_dma.o(.revsh_text), (4 bytes).
    Removing stm32f0xx_rtc.o(.rev16_text), (4 bytes).
    Removing stm32f0xx_rtc.o(.revsh_text), (4 bytes).
    Removing stm32f0xx_rtc.o(.text), (2916 bytes).
    Removing stm32f0xx_pwr.o(.rev16_text), (4 bytes).
    Removing stm32f0xx_pwr.o(.revsh_text), (4 bytes).
    Removing stm32f0xx_pwr.o(.text), (312 bytes).
    Removing stm32f0xx_usart.o(.rev16_text), (4 bytes).
    Removing stm32f0xx_usart.o(.revsh_text), (4 bytes).
    Removing stm32f0xx_misc.o(.rev16_text), (4 bytes).
    Removing stm32f0xx_misc.o(.revsh_text), (4 bytes).

37 unused section(s) (total 3365 bytes) removed from the image.

==============================================================================

Image Symbol Table

    Local Symbols

    Symbol Name                              Value     Ov Type        Size  Object(Section)

    ../clib/angel/boardlib.s                 0x00000000   Number         0  boardshut.o ABSOLUTE
    ../clib/angel/boardlib.s                 0x00000000   Number         0  boardinit1.o ABSOLUTE
    ../clib/angel/boardlib.s                 0x00000000   Number         0  boardinit3.o ABSOLUTE
    ../clib/angel/boardlib.s                 0x00000000   Number         0  boardinit2.o ABSOLUTE
    ../clib/angel/handlers.s                 0x00000000   Number         0  __scatter_zi.o ABSOLUTE
    ../clib/angel/handlers.s                 0x00000000   Number         0  __scatter_copy.o ABSOLUTE
    ../clib/angel/kernel.s                   0x00000000   Number         0  rtentry.o ABSOLUTE
    ../clib/angel/kernel.s                   0x00000000   Number         0  rtentry2.o ABSOLUTE
    ../clib/angel/kernel.s                   0x00000000   Number         0  rtentry4.o ABSOLUTE
    ../clib/angel/kernel.s                   0x00000000   Number         0  rtexit.o ABSOLUTE
    ../clib/angel/kernel.s                   0x00000000   Number         0  rtexit2.o ABSOLUTE
    ../clib/angel/rt.s                       0x00000000   Number         0  aeabi_idiv0.o ABSOLUTE
    ../clib/angel/rt.s                       0x00000000   Number         0  rt_div0.o ABSOLUTE
    ../clib/angel/rt.s                       0x00000000   Number         0  aeabi_idiv0_sigfpe.o ABSOLUTE
    ../clib/angel/rt.s                       0x00000000   Number         0  rt_raise.o ABSOLUTE
    ../clib/angel/scatterp.s                 0x00000000   Number         0  __scatter.o ABSOLUTE
    ../clib/angel/startup.s                  0x00000000   Number         0  __main.o ABSOLUTE
    ../clib/angel/sys.s                      0x00000000   Number         0  libspace.o ABSOLUTE
    ../clib/angel/sys.s                      0x00000000   Number         0  use_no_semi.o ABSOLUTE
    ../clib/angel/sys.s                      0x00000000   Number         0  tempstk.o ABSOLUTE
    ../clib/angel/sys.s                      0x00000000   Number         0  indicate_semi.o ABSOLUTE
    ../clib/angel/sys.s                      0x00000000   Number         0  sys_stackheap_outer.o ABSOLUTE
    ../clib/angel/sysapp.c                   0x00000000   Number         0  sys_wrch.o ABSOLUTE
    ../clib/angel/sysapp.c                   0x00000000   Number         0  sys_exit.o ABSOLUTE
    ../clib/angel/sysapp.c                   0x00000000   Number         0  sys_command.o ABSOLUTE
    ../clib/armsys.c                         0x00000000   Number         0  argv_veneer.o ABSOLUTE
    ../clib/armsys.c                         0x00000000   Number         0  _get_argv_nomalloc.o ABSOLUTE
    ../clib/armsys.c                         0x00000000   Number         0  no_argv.o ABSOLUTE
    ../clib/division.s                       0x00000000   Number         0  aeabi_sdiv.o ABSOLUTE
    ../clib/division.s                       0x00000000   Number         0  aeabi_sdiv_div0.o ABSOLUTE
    ../clib/heapalloc.c                      0x00000000   Number         0  hrguard.o ABSOLUTE
    ../clib/heapaux.c                        0x00000000   Number         0  heapauxi.o ABSOLUTE
    ../clib/libinit.s                        0x00000000   Number         0  libinit2.o ABSOLUTE
    ../clib/libinit.s                        0x00000000   Number         0  libshutdown.o ABSOLUTE
    ../clib/libinit.s                        0x00000000   Number         0  libshutdown2.o ABSOLUTE
    ../clib/libinit.s                        0x00000000   Number         0  libinit.o ABSOLUTE
    ../clib/memcpset.c                       0x00000000   Number         0  rt_memcpy.o ABSOLUTE
    ../clib/memcpset.c                       0x00000000   Number         0  rt_memcpy.o ABSOLUTE
    ../clib/signal.c                         0x00000000   Number         0  defsig_rtmem_inner.o ABSOLUTE
    ../clib/signal.c                         0x00000000   Number         0  defsig_abrt_inner.o ABSOLUTE
    ../clib/signal.c                         0x00000000   Number         0  defsig_segv_inner.o ABSOLUTE
    ../clib/signal.c                         0x00000000   Number         0  defsig_cppl_inner.o ABSOLUTE
    ../clib/signal.c                         0x00000000   Number         0  defsig_pvfn_inner.o ABSOLUTE
    ../clib/signal.c                         0x00000000   Number         0  defsig_other.o ABSOLUTE
    ../clib/signal.c                         0x00000000   Number         0  defsig_fpe_inner.o ABSOLUTE
    ../clib/signal.c                         0x00000000   Number         0  defsig_rtred_inner.o ABSOLUTE
    ../clib/signal.c                         0x00000000   Number         0  defsig_fpe_formal.o ABSOLUTE
    ../clib/signal.c                         0x00000000   Number         0  defsig_rtmem_outer.o ABSOLUTE
    ../clib/signal.c                         0x00000000   Number         0  defsig_rtmem_formal.o ABSOLUTE
    ../clib/signal.c                         0x00000000   Number         0  defsig_exit.o ABSOLUTE
    ../clib/signal.c                         0x00000000   Number         0  defsig_general.o ABSOLUTE
    ../clib/signal.c                         0x00000000   Number         0  defsig_fpe_outer.o ABSOLUTE
    ../clib/signal.c                         0x00000000   Number         0  defsig_stak_inner.o ABSOLUTE
    ../clib/signal.c                         0x00000000   Number         0  __raise.o ABSOLUTE
    ../clib/signal.s                         0x00000000   Number         0  defsig.o ABSOLUTE
    ../clib/stdlib.c                         0x00000000   Number         0  exit.o ABSOLUTE
    ../fplib/cfplib/cmpret.c                 0x00000000   Number         0  cmpret.o ABSOLUTE
    ../fplib/cfplib/daddsub.c                0x00000000   Number         0  daddsub.o ABSOLUTE
    ../fplib/cfplib/dcmpin.c                 0x00000000   Number         0  dcmpin.o ABSOLUTE
    ../fplib/cfplib/ddiv.c                   0x00000000   Number         0  ddiv.o ABSOLUTE
    ../fplib/cfplib/dmul.c                   0x00000000   Number         0  dmul.o ABSOLUTE
    ../fplib/cfplib/ffix.c                   0x00000000   Number         0  dfixi.o ABSOLUTE
    ../fplib/cfplib/ffix.c                   0x00000000   Number         0  dfixui.o ABSOLUTE
    ../fplib/cfplib/fflt.c                   0x00000000   Number         0  dflti.o ABSOLUTE
    ../fplib/cfplib/fpinit.c                 0x00000000   Number         0  fpinit.o ABSOLUTE
    ../fplib/cfplib/nan2.c                   0x00000000   Number         0  dnan2.o ABSOLUTE
    ../fplib/cfplib/retnan.c                 0x00000000   Number         0  retnan.o ABSOLUTE
    ../fplib/deqf6m.s                        0x00000000   Number         0  deqf.o ABSOLUTE
    ../fplib/dleqf6m.s                       0x00000000   Number         0  dlef.o ABSOLUTE
    ../fplib/drleqf6m.s                      0x00000000   Number         0  drlef.o ABSOLUTE
    ../fplib/usenofp.s                       0x00000000   Number         0  usenofp.o ABSOLUTE
    FWlib\\src\\stm32f0xx_adc.c              0x00000000   Number         0  stm32f0xx_adc.o ABSOLUTE
    FWlib\\src\\stm32f0xx_dma.c              0x00000000   Number         0  stm32f0xx_dma.o ABSOLUTE
    FWlib\\src\\stm32f0xx_gpio.c             0x00000000   Number         0  stm32f0xx_gpio.o ABSOLUTE
    FWlib\\src\\stm32f0xx_misc.c             0x00000000   Number         0  stm32f0xx_misc.o ABSOLUTE
    FWlib\\src\\stm32f0xx_pwr.c              0x00000000   Number         0  stm32f0xx_pwr.o ABSOLUTE
    FWlib\\src\\stm32f0xx_rcc.c              0x00000000   Number         0  stm32f0xx_rcc.o ABSOLUTE
    FWlib\\src\\stm32f0xx_rtc.c              0x00000000   Number         0  stm32f0xx_rtc.o ABSOLUTE
    FWlib\\src\\stm32f0xx_tim.c              0x00000000   Number         0  stm32f0xx_tim.o ABSOLUTE
    FWlib\\src\\stm32f0xx_usart.c            0x00000000   Number         0  stm32f0xx_usart.o ABSOLUTE
    FWlib\\system_stm32f0xx.c                0x00000000   Number         0  system_stm32f0xx.o ABSOLUTE
    FWlib\src\stm32f0xx_adc.c                0x00000000   Number         0  stm32f0xx_adc.o ABSOLUTE
    FWlib\src\stm32f0xx_dma.c                0x00000000   Number         0  stm32f0xx_dma.o ABSOLUTE
    FWlib\src\stm32f0xx_gpio.c               0x00000000   Number         0  stm32f0xx_gpio.o ABSOLUTE
    FWlib\src\stm32f0xx_misc.c               0x00000000   Number         0  stm32f0xx_misc.o ABSOLUTE
    FWlib\src\stm32f0xx_pwr.c                0x00000000   Number         0  stm32f0xx_pwr.o ABSOLUTE
    FWlib\src\stm32f0xx_rcc.c                0x00000000   Number         0  stm32f0xx_rcc.o ABSOLUTE
    FWlib\src\stm32f0xx_rtc.c                0x00000000   Number         0  stm32f0xx_rtc.o ABSOLUTE
    FWlib\src\stm32f0xx_tim.c                0x00000000   Number         0  stm32f0xx_tim.o ABSOLUTE
    FWlib\src\stm32f0xx_usart.c              0x00000000   Number         0  stm32f0xx_usart.o ABSOLUTE
    FWlib\system_stm32f0xx.c                 0x00000000   Number         0  system_stm32f0xx.o ABSOLUTE
    User\\adc.c                              0x00000000   Number         0  adc.o ABSOLUTE
    User\\gpio.c                             0x00000000   Number         0  gpio.o ABSOLUTE
    User\\main.c                             0x00000000   Number         0  main.o ABSOLUTE
    User\\pwm.c                              0x00000000   Number         0  pwm.o ABSOLUTE
    User\\soc.c                              0x00000000   Number         0  soc.o ABSOLUTE
    User\\stm32f0xx_it.c                     0x00000000   Number         0  stm32f0xx_it.o ABSOLUTE
    User\\usart.c                            0x00000000   Number         0  usart.o ABSOLUTE
    User\adc.c                               0x00000000   Number         0  adc.o ABSOLUTE
    User\gpio.c                              0x00000000   Number         0  gpio.o ABSOLUTE
    User\main.c                              0x00000000   Number         0  main.o ABSOLUTE
    User\pwm.c                               0x00000000   Number         0  pwm.o ABSOLUTE
    User\soc.c                               0x00000000   Number         0  soc.o ABSOLUTE
    User\stm32f0xx_it.c                      0x00000000   Number         0  stm32f0xx_it.o ABSOLUTE
    User\usart.c                             0x00000000   Number         0  usart.o ABSOLUTE
    dc.s                                     0x00000000   Number         0  dc.o ABSOLUTE
    startup_stm32f030.s                      0x00000000   Number         0  startup_stm32f030.o ABSOLUTE
    RESET                                    0x08000000   Section      180  startup_stm32f030.o(RESET)
    !!!main                                  0x080000b4   Section        8  __main.o(!!!main)
    !!!scatter                               0x080000bc   Section       60  __scatter.o(!!!scatter)
    !!handler_copy                           0x080000f8   Section       26  __scatter_copy.o(!!handler_copy)
    !!handler_zi                             0x08000114   Section       28  __scatter_zi.o(!!handler_zi)
    .ARM.Collect$$libinit$$00000000          0x08000130   Section        2  libinit.o(.ARM.Collect$$libinit$$00000000)
    .ARM.Collect$$libinit$$00000001          0x08000132   Section        4  libinit2.o(.ARM.Collect$$libinit$$00000001)
    .ARM.Collect$$libinit$$00000008          0x08000136   Section        0  libinit2.o(.ARM.Collect$$libinit$$00000008)
    .ARM.Collect$$libinit$$0000000A          0x08000136   Section        0  libinit2.o(.ARM.Collect$$libinit$$0000000A)
    .ARM.Collect$$libinit$$0000000C          0x08000136   Section        0  libinit2.o(.ARM.Collect$$libinit$$0000000C)
    .ARM.Collect$$libinit$$0000000F          0x08000136   Section        0  libinit2.o(.ARM.Collect$$libinit$$0000000F)
    .ARM.Collect$$libinit$$00000011          0x08000136   Section        0  libinit2.o(.ARM.Collect$$libinit$$00000011)
    .ARM.Collect$$libinit$$00000013          0x08000136   Section        0  libinit2.o(.ARM.Collect$$libinit$$00000013)
    .ARM.Collect$$libinit$$00000015          0x08000136   Section        0  libinit2.o(.ARM.Collect$$libinit$$00000015)
    .ARM.Collect$$libinit$$00000017          0x08000136   Section        0  libinit2.o(.ARM.Collect$$libinit$$00000017)
    .ARM.Collect$$libinit$$00000019          0x08000136   Section        0  libinit2.o(.ARM.Collect$$libinit$$00000019)
    .ARM.Collect$$libinit$$0000001B          0x08000136   Section        0  libinit2.o(.ARM.Collect$$libinit$$0000001B)
    .ARM.Collect$$libinit$$0000001D          0x08000136   Section        0  libinit2.o(.ARM.Collect$$libinit$$0000001D)
    .ARM.Collect$$libinit$$0000001F          0x08000136   Section        0  libinit2.o(.ARM.Collect$$libinit$$0000001F)
    .ARM.Collect$$libinit$$00000021          0x08000136   Section        0  libinit2.o(.ARM.Collect$$libinit$$00000021)
    .ARM.Collect$$libinit$$00000023          0x08000136   Section        0  libinit2.o(.ARM.Collect$$libinit$$00000023)
    .ARM.Collect$$libinit$$0000002A          0x08000136   Section        0  libinit2.o(.ARM.Collect$$libinit$$0000002A)
    .ARM.Collect$$libinit$$0000002C          0x08000136   Section        0  libinit2.o(.ARM.Collect$$libinit$$0000002C)
    .ARM.Collect$$libinit$$0000002E          0x08000136   Section        0  libinit2.o(.ARM.Collect$$libinit$$0000002E)
    .ARM.Collect$$libinit$$00000030          0x08000136   Section        0  libinit2.o(.ARM.Collect$$libinit$$00000030)
    .ARM.Collect$$libinit$$00000031          0x08000136   Section        2  libinit2.o(.ARM.Collect$$libinit$$00000031)
    .ARM.Collect$$libshutdown$$00000000      0x08000138   Section        2  libshutdown.o(.ARM.Collect$$libshutdown$$00000000)
    .ARM.Collect$$libshutdown$$00000003      0x0800013a   Section        0  libshutdown2.o(.ARM.Collect$$libshutdown$$00000003)
    .ARM.Collect$$libshutdown$$00000006      0x0800013a   Section        0  libshutdown2.o(.ARM.Collect$$libshutdown$$00000006)
    .ARM.Collect$$libshutdown$$00000009      0x0800013a   Section        0  libshutdown2.o(.ARM.Collect$$libshutdown$$00000009)
    .ARM.Collect$$libshutdown$$0000000B      0x0800013a   Section        0  libshutdown2.o(.ARM.Collect$$libshutdown$$0000000B)
    .ARM.Collect$$libshutdown$$0000000E      0x0800013a   Section        0  libshutdown2.o(.ARM.Collect$$libshutdown$$0000000E)
    .ARM.Collect$$libshutdown$$0000000F      0x0800013a   Section        2  libshutdown2.o(.ARM.Collect$$libshutdown$$0000000F)
    .ARM.Collect$$rtentry$$00000000          0x0800013c   Section        0  rtentry.o(.ARM.Collect$$rtentry$$00000000)
    .ARM.Collect$$rtentry$$00000002          0x0800013c   Section        0  rtentry2.o(.ARM.Collect$$rtentry$$00000002)
    .ARM.Collect$$rtentry$$00000004          0x0800013c   Section        6  rtentry4.o(.ARM.Collect$$rtentry$$00000004)
    .ARM.Collect$$rtentry$$00000009          0x08000142   Section        0  rtentry2.o(.ARM.Collect$$rtentry$$00000009)
    .ARM.Collect$$rtentry$$0000000A          0x08000142   Section        4  rtentry2.o(.ARM.Collect$$rtentry$$0000000A)
    .ARM.Collect$$rtentry$$0000000C          0x08000146   Section        0  rtentry2.o(.ARM.Collect$$rtentry$$0000000C)
    .ARM.Collect$$rtentry$$0000000D          0x08000146   Section        8  rtentry2.o(.ARM.Collect$$rtentry$$0000000D)
    .ARM.Collect$$rtexit$$00000000           0x0800014e   Section        2  rtexit.o(.ARM.Collect$$rtexit$$00000000)
    .ARM.Collect$$rtexit$$00000002           0x08000150   Section        0  rtexit2.o(.ARM.Collect$$rtexit$$00000002)
    .ARM.Collect$$rtexit$$00000003           0x08000150   Section        4  rtexit2.o(.ARM.Collect$$rtexit$$00000003)
    .ARM.Collect$$rtexit$$00000004           0x08000154   Section        6  rtexit2.o(.ARM.Collect$$rtexit$$00000004)
    .emb_text                                0x0800015c   Section       56  rt_memcpy.o(.emb_text)
    .text                                    0x08000194   Section       56  startup_stm32f030.o(.text)
    .text                                    0x080001cc   Section        0  adc.o(.text)
    .text                                    0x080004e4   Section        0  gpio.o(.text)
    .text                                    0x08000514   Section        0  stm32f0xx_it.o(.text)
    .text                                    0x0800054c   Section        0  main.o(.text)
    NVIC_SetPriority                         0x08000ea9   Thumb Code   110  main.o(.text)
    .text                                    0x08000f2c   Section        0  pwm.o(.text)
    .text                                    0x08000ffc   Section        0  soc.o(.text)
    .text                                    0x0800112c   Section        0  usart.o(.text)
    .text                                    0x0800120c   Section        0  stm32f0xx_adc.o(.text)
    .text                                    0x080014ec   Section        0  stm32f0xx_gpio.o(.text)
    .text                                    0x080016d8   Section        0  system_stm32f0xx.o(.text)
    SetSysClock                              0x080016d9   Thumb Code   202  system_stm32f0xx.o(.text)
    .text                                    0x080018cc   Section        0  stm32f0xx_rcc.o(.text)
    .text                                    0x08001ec0   Section        0  stm32f0xx_tim.o(.text)
    TI4_Config                               0x08002601   Thumb Code    66  stm32f0xx_tim.o(.text)
    TI3_Config                               0x08002655   Thumb Code    66  stm32f0xx_tim.o(.text)
    TI2_Config                               0x080026ab   Thumb Code   118  stm32f0xx_tim.o(.text)
    TI1_Config                               0x08002731   Thumb Code    54  stm32f0xx_tim.o(.text)
    .text                                    0x08002a8c   Section        0  stm32f0xx_dma.o(.text)
    .text                                    0x08002bf8   Section        0  stm32f0xx_usart.o(.text)
    .text                                    0x08003168   Section        0  stm32f0xx_misc.o(.text)
    .text                                    0x0800321c   Section      346  aeabi_sdiv.o(.text)
    .text                                    0x08003376   Section        0  heapauxi.o(.text)
    .text                                    0x0800337c   Section        0  daddsub.o(.text)
    _dadd1                                   0x0800337d   Thumb Code   286  daddsub.o(.text)
    _dsub1                                   0x0800349b   Thumb Code   468  daddsub.o(.text)
    .text                                    0x080036c8   Section        0  ddiv.o(.text)
    .text                                    0x08003b14   Section        0  dfixi.o(.text)
    .text                                    0x08003b80   Section        0  dfixui.o(.text)
    .text                                    0x08003bc8   Section        0  dflti.o(.text)
    .text                                    0x08003c20   Section        0  dmul.o(.text)
    .text                                    0x08003e78   Section        0  dcmpin.o(.text)
    .text                                    0x08003f08   Section        0  cmpret.o(.text)
    .text                                    0x08003f38   Section        0  dnan2.o(.text)
    .text                                    0x08003f4c   Section       62  sys_stackheap_outer.o(.text)
    .text                                    0x08003f8a   Section        0  exit.o(.text)
    .text                                    0x08003f96   Section        0  retnan.o(.text)
    .text                                    0x08003ff4   Section        8  libspace.o(.text)
    .text                                    0x08003ffc   Section        0  sys_exit.o(.text)
    .text                                    0x08004008   Section        2  use_no_semi.o(.text)
    .text                                    0x0800400a   Section        0  indicate_semi.o(.text)
    x$fpl$deqf                               0x0800400c   Section      100  deqf.o(x$fpl$deqf)
    x$fpl$dleqf                              0x08004070   Section      100  dlef.o(x$fpl$dleqf)
    x$fpl$drleqf                             0x080040d4   Section      104  drlef.o(x$fpl$drleqf)
    x$fpl$usenofp                            0x0800413c   Section        0  usenofp.o(x$fpl$usenofp)
    .constdata                               0x08004140   Section      408  main.o(.constdata)
    .constdata                               0x080042d8   Section      128  ddiv.o(.constdata)
    ddiv_reciptbl                            0x080042d8   Data         128  ddiv.o(.constdata)
    .data                                    0x20000000   Section        4  adc.o(.data)
    .data                                    0x20000004   Section        2  stm32f0xx_it.o(.data)
    .data                                    0x20000008   Section      112  main.o(.data)
    .data                                    0x20000078   Section        4  pwm.o(.data)
    .data                                    0x20000080   Section       12  soc.o(.data)
    .data                                    0x2000008c   Section       20  system_stm32f0xx.o(.data)
    .data                                    0x200000a0   Section       16  stm32f0xx_rcc.o(.data)
    APBAHBPrescTable                         0x200000a0   Data          16  stm32f0xx_rcc.o(.data)
    .bss                                     0x200000b0   Section      432  adc.o(.bss)
    .bss                                     0x20000260   Section       32  pwm.o(.bss)
    .bss                                     0x20000280   Section       16  soc.o(.bss)
    .bss                                     0x20000290   Section       96  libspace.o(.bss)
    HEAP                                     0x200002f0   Section      512  startup_stm32f030.o(HEAP)
    Heap_Mem                                 0x200002f0   Data         512  startup_stm32f030.o(HEAP)
    STACK                                    0x200004f0   Section     1024  startup_stm32f030.o(STACK)
    Stack_Mem                                0x200004f0   Data        1024  startup_stm32f030.o(STACK)
    __initial_sp                             0x200008f0   Data           0  startup_stm32f030.o(STACK)

    Global Symbols

    Symbol Name                              Value     Ov Type        Size  Object(Section)

    BuildAttributes$$THM_ISAv3M$S$PE$A:L22$X:L11$S22$IEEE1$IW$USESV6$~STKCKD$USESV7$~SHL$OSPACE$ROPI$EBA8$UX$STANDARDLIB$REQ8$PRES8$EABIv2 0x00000000   Number         0  anon$$obj.o ABSOLUTE
    __ARM_use_no_argv                        0x00000000   Number         0  main.o ABSOLUTE
    __ARM_exceptions_init                     - Undefined Weak Reference
    __alloca_initialize                       - Undefined Weak Reference
    __cpp_initialize__aeabi_                  - Undefined Weak Reference
    __cxa_finalize                            - Undefined Weak Reference
    __rt_locale                               - Undefined Weak Reference
    __sigvec_lookup                           - Undefined Weak Reference
    _atexit_init                              - Undefined Weak Reference
    _call_atexit_fns                          - Undefined Weak Reference
    _clock_init                               - Undefined Weak Reference
    _fp_trap_init                             - Undefined Weak Reference
    _fp_trap_shutdown                         - Undefined Weak Reference
    _get_lc_collate                           - Undefined Weak Reference
    _get_lc_ctype                             - Undefined Weak Reference
    _get_lc_monetary                          - Undefined Weak Reference
    _get_lc_numeric                           - Undefined Weak Reference
    _get_lc_time                              - Undefined Weak Reference
    _getenv_init                              - Undefined Weak Reference
    _handle_redirection                       - Undefined Weak Reference
    _init_alloc                               - Undefined Weak Reference
    _init_user_alloc                          - Undefined Weak Reference
    _initio                                   - Undefined Weak Reference
    _rand_init                                - Undefined Weak Reference
    _signal_finish                            - Undefined Weak Reference
    _signal_init                              - Undefined Weak Reference
    _terminate_alloc                          - Undefined Weak Reference
    _terminate_user_alloc                     - Undefined Weak Reference
    _terminateio                              - Undefined Weak Reference
    __Vectors_Size                           0x000000b4   Number         0  startup_stm32f030.o ABSOLUTE
    __Vectors                                0x08000000   Data           4  startup_stm32f030.o(RESET)
    __Vectors_End                            0x080000b4   Data           0  startup_stm32f030.o(RESET)
    __main                                   0x080000b5   Thumb Code     8  __main.o(!!!main)
    __scatterload                            0x080000bd   Thumb Code     0  __scatter.o(!!!scatter)
    __scatterload_rt2                        0x080000bd   Thumb Code    52  __scatter.o(!!!scatter)
    __scatterload_rt2_thumb_only             0x080000bd   Thumb Code     0  __scatter.o(!!!scatter)
    __scatterload_null                       0x080000cd   Thumb Code     0  __scatter.o(!!!scatter)
    __scatterload_copy                       0x080000f9   Thumb Code    26  __scatter_copy.o(!!handler_copy)
    __scatterload_zeroinit                   0x08000115   Thumb Code    28  __scatter_zi.o(!!handler_zi)
    __rt_lib_init                            0x08000131   Thumb Code     0  libinit.o(.ARM.Collect$$libinit$$00000000)
    __rt_lib_init_fp_1                       0x08000133   Thumb Code     0  libinit2.o(.ARM.Collect$$libinit$$00000001)
    __rt_lib_init_alloca_1                   0x08000137   Thumb Code     0  libinit2.o(.ARM.Collect$$libinit$$0000002C)
    __rt_lib_init_argv_1                     0x08000137   Thumb Code     0  libinit2.o(.ARM.Collect$$libinit$$0000002A)
    __rt_lib_init_atexit_1                   0x08000137   Thumb Code     0  libinit2.o(.ARM.Collect$$libinit$$00000019)
    __rt_lib_init_clock_1                    0x08000137   Thumb Code     0  libinit2.o(.ARM.Collect$$libinit$$0000001F)
    __rt_lib_init_cpp_1                      0x08000137   Thumb Code     0  libinit2.o(.ARM.Collect$$libinit$$00000030)
    __rt_lib_init_exceptions_1               0x08000137   Thumb Code     0  libinit2.o(.ARM.Collect$$libinit$$0000002E)
    __rt_lib_init_fp_trap_1                  0x08000137   Thumb Code     0  libinit2.o(.ARM.Collect$$libinit$$0000001D)
    __rt_lib_init_getenv_1                   0x08000137   Thumb Code     0  libinit2.o(.ARM.Collect$$libinit$$00000021)
    __rt_lib_init_heap_1                     0x08000137   Thumb Code     0  libinit2.o(.ARM.Collect$$libinit$$00000008)
    __rt_lib_init_lc_collate_1               0x08000137   Thumb Code     0  libinit2.o(.ARM.Collect$$libinit$$0000000F)
    __rt_lib_init_lc_ctype_1                 0x08000137   Thumb Code     0  libinit2.o(.ARM.Collect$$libinit$$00000011)
    __rt_lib_init_lc_monetary_1              0x08000137   Thumb Code     0  libinit2.o(.ARM.Collect$$libinit$$00000013)
    __rt_lib_init_lc_numeric_1               0x08000137   Thumb Code     0  libinit2.o(.ARM.Collect$$libinit$$00000015)
    __rt_lib_init_lc_time_1                  0x08000137   Thumb Code     0  libinit2.o(.ARM.Collect$$libinit$$00000017)
    __rt_lib_init_rand_1                     0x08000137   Thumb Code     0  libinit2.o(.ARM.Collect$$libinit$$0000000C)
    __rt_lib_init_return                     0x08000137   Thumb Code     0  libinit2.o(.ARM.Collect$$libinit$$00000031)
    __rt_lib_init_signal_1                   0x08000137   Thumb Code     0  libinit2.o(.ARM.Collect$$libinit$$0000001B)
    __rt_lib_init_stdio_1                    0x08000137   Thumb Code     0  libinit2.o(.ARM.Collect$$libinit$$00000023)
    __rt_lib_init_user_alloc_1               0x08000137   Thumb Code     0  libinit2.o(.ARM.Collect$$libinit$$0000000A)
    __rt_lib_shutdown                        0x08000139   Thumb Code     0  libshutdown.o(.ARM.Collect$$libshutdown$$00000000)
    __rt_lib_shutdown_fp_trap_1              0x0800013b   Thumb Code     0  libshutdown2.o(.ARM.Collect$$libshutdown$$00000006)
    __rt_lib_shutdown_heap_1                 0x0800013b   Thumb Code     0  libshutdown2.o(.ARM.Collect$$libshutdown$$0000000E)
    __rt_lib_shutdown_return                 0x0800013b   Thumb Code     0  libshutdown2.o(.ARM.Collect$$libshutdown$$0000000F)
    __rt_lib_shutdown_signal_1               0x0800013b   Thumb Code     0  libshutdown2.o(.ARM.Collect$$libshutdown$$00000009)
    __rt_lib_shutdown_stdio_1                0x0800013b   Thumb Code     0  libshutdown2.o(.ARM.Collect$$libshutdown$$00000003)
    __rt_lib_shutdown_user_alloc_1           0x0800013b   Thumb Code     0  libshutdown2.o(.ARM.Collect$$libshutdown$$0000000B)
    __rt_entry                               0x0800013d   Thumb Code     0  rtentry.o(.ARM.Collect$$rtentry$$00000000)
    __rt_entry_presh_1                       0x0800013d   Thumb Code     0  rtentry2.o(.ARM.Collect$$rtentry$$00000002)
    __rt_entry_sh                            0x0800013d   Thumb Code     0  rtentry4.o(.ARM.Collect$$rtentry$$00000004)
    __rt_entry_li                            0x08000143   Thumb Code     0  rtentry2.o(.ARM.Collect$$rtentry$$0000000A)
    __rt_entry_postsh_1                      0x08000143   Thumb Code     0  rtentry2.o(.ARM.Collect$$rtentry$$00000009)
    __rt_entry_main                          0x08000147   Thumb Code     0  rtentry2.o(.ARM.Collect$$rtentry$$0000000D)
    __rt_entry_postli_1                      0x08000147   Thumb Code     0  rtentry2.o(.ARM.Collect$$rtentry$$0000000C)
    __rt_exit                                0x0800014f   Thumb Code     0  rtexit.o(.ARM.Collect$$rtexit$$00000000)
    __rt_exit_ls                             0x08000151   Thumb Code     0  rtexit2.o(.ARM.Collect$$rtexit$$00000003)
    __rt_exit_prels_1                        0x08000151   Thumb Code     0  rtexit2.o(.ARM.Collect$$rtexit$$00000002)
    __rt_exit_exit                           0x08000155   Thumb Code     0  rtexit2.o(.ARM.Collect$$rtexit$$00000004)
    __aeabi_memcpy4                          0x0800015d   Thumb Code    56  rt_memcpy.o(.emb_text)
    __aeabi_memcpy8                          0x0800015d   Thumb Code     0  rt_memcpy.o(.emb_text)
    Reset_Handler                            0x08000195   Thumb Code     8  startup_stm32f030.o(.text)
    ADC1_IRQHandler                          0x080001a7   Thumb Code     0  startup_stm32f030.o(.text)
    DMA1_Channel1_IRQHandler                 0x080001a7   Thumb Code     0  startup_stm32f030.o(.text)
    DMA1_Channel2_3_IRQHandler               0x080001a7   Thumb Code     0  startup_stm32f030.o(.text)
    DMA1_Channel4_5_IRQHandler               0x080001a7   Thumb Code     0  startup_stm32f030.o(.text)
    EXTI0_1_IRQHandler                       0x080001a7   Thumb Code     0  startup_stm32f030.o(.text)
    EXTI2_3_IRQHandler                       0x080001a7   Thumb Code     0  startup_stm32f030.o(.text)
    EXTI4_15_IRQHandler                      0x080001a7   Thumb Code     0  startup_stm32f030.o(.text)
    FLASH_IRQHandler                         0x080001a7   Thumb Code     0  startup_stm32f030.o(.text)
    I2C1_IRQHandler                          0x080001a7   Thumb Code     0  startup_stm32f030.o(.text)
    I2C2_IRQHandler                          0x080001a7   Thumb Code     0  startup_stm32f030.o(.text)
    RCC_IRQHandler                           0x080001a7   Thumb Code     0  startup_stm32f030.o(.text)
    RTC_IRQHandler                           0x080001a7   Thumb Code     0  startup_stm32f030.o(.text)
    SPI1_IRQHandler                          0x080001a7   Thumb Code     0  startup_stm32f030.o(.text)
    SPI2_IRQHandler                          0x080001a7   Thumb Code     0  startup_stm32f030.o(.text)
    TIM14_IRQHandler                         0x080001a7   Thumb Code     0  startup_stm32f030.o(.text)
    TIM15_IRQHandler                         0x080001a7   Thumb Code     0  startup_stm32f030.o(.text)
    TIM16_IRQHandler                         0x080001a7   Thumb Code     0  startup_stm32f030.o(.text)
    TIM17_IRQHandler                         0x080001a7   Thumb Code     0  startup_stm32f030.o(.text)
    TIM1_BRK_UP_TRG_COM_IRQHandler           0x080001a7   Thumb Code     0  startup_stm32f030.o(.text)
    TIM1_CC_IRQHandler                       0x080001a7   Thumb Code     0  startup_stm32f030.o(.text)
    TIM3_IRQHandler                          0x080001a7   Thumb Code     0  startup_stm32f030.o(.text)
    USART2_IRQHandler                        0x080001a7   Thumb Code     0  startup_stm32f030.o(.text)
    WWDG_IRQHandler                          0x080001a7   Thumb Code     0  startup_stm32f030.o(.text)
    __user_initial_stackheap                 0x080001a9   Thumb Code     0  startup_stm32f030.o(.text)
    adc_conf                                 0x080001cd   Thumb Code   306  adc.o(.text)
    GetVolt                                  0x080002ff   Thumb Code    10  adc.o(.text)
    filter                                   0x08000309   Thumb Code   376  adc.o(.text)
    Read_ADC                                 0x08000481   Thumb Code    66  adc.o(.text)
    gpio_conf                                0x080004e5   Thumb Code    42  gpio.o(.text)
    NMI_Handler                              0x08000515   Thumb Code     2  stm32f0xx_it.o(.text)
    HardFault_Handler                        0x08000517   Thumb Code     4  stm32f0xx_it.o(.text)
    SVC_Handler                              0x0800051b   Thumb Code     2  stm32f0xx_it.o(.text)
    PendSV_Handler                           0x0800051d   Thumb Code     2  stm32f0xx_it.o(.text)
    SysTick_Handler                          0x0800051f   Thumb Code     8  stm32f0xx_it.o(.text)
    USART1_IRQHandler                        0x08000527   Thumb Code    26  stm32f0xx_it.o(.text)
    CalUIData                                0x0800054d   Thumb Code   274  main.o(.text)
    delay                                    0x0800065f   Thumb Code    26  main.o(.text)
    Judge_Health                             0x08000679   Thumb Code   520  main.o(.text)
    Night_Mode                               0x08000881   Thumb Code   446  main.o(.text)
    Day_Mode                                 0x08000a3f   Thumb Code   626  main.o(.text)
    main                                     0x08000cb1   Thumb Code   452  main.o(.text)
    Time_Decrement                           0x08000e75   Thumb Code    52  main.o(.text)
    TIM_Config                               0x08000f2d   Thumb Code    58  pwm.o(.text)
    pwm_conf                                 0x08000f67   Thumb Code   124  pwm.o(.text)
    CalSoc                                   0x08000ffd   Thumb Code   270  soc.o(.text)
    usart1_conf                              0x0800112d   Thumb Code   140  usart.o(.text)
    Usart1_Sends                             0x080011b9   Thumb Code    42  usart.o(.text)
    Uart1_PutChar                            0x080011e3   Thumb Code    28  usart.o(.text)
    ADC_DeInit                               0x0800120d   Thumb Code    28  stm32f0xx_adc.o(.text)
    ADC_Init                                 0x08001229   Thumb Code    40  stm32f0xx_adc.o(.text)
    ADC_StructInit                           0x08001251   Thumb Code    16  stm32f0xx_adc.o(.text)
    ADC_Cmd                                  0x08001261   Thumb Code    24  stm32f0xx_adc.o(.text)
    ADC_JitterCmd                            0x08001279   Thumb Code    20  stm32f0xx_adc.o(.text)
    ADC_AutoPowerOffCmd                      0x0800128d   Thumb Code    28  stm32f0xx_adc.o(.text)
    ADC_WaitModeCmd                          0x080012a9   Thumb Code    28  stm32f0xx_adc.o(.text)
    ADC_AnalogWatchdogCmd                    0x080012c5   Thumb Code    28  stm32f0xx_adc.o(.text)
    ADC_AnalogWatchdogThresholdsConfig       0x080012e1   Thumb Code     8  stm32f0xx_adc.o(.text)
    ADC_AnalogWatchdogSingleChannelConfig    0x080012e9   Thumb Code    28  stm32f0xx_adc.o(.text)
    ADC_AnalogWatchdogSingleChannelCmd       0x08001305   Thumb Code    28  stm32f0xx_adc.o(.text)
    ADC_TempSensorCmd                        0x08001321   Thumb Code    36  stm32f0xx_adc.o(.text)
    ADC_VrefintCmd                           0x08001345   Thumb Code    36  stm32f0xx_adc.o(.text)
    ADC_VbatCmd                              0x08001369   Thumb Code    36  stm32f0xx_adc.o(.text)
    ADC_ChannelConfig                        0x0800138d   Thumb Code    24  stm32f0xx_adc.o(.text)
    ADC_ContinuousModeCmd                    0x080013a5   Thumb Code    28  stm32f0xx_adc.o(.text)
    ADC_DiscModeCmd                          0x080013c1   Thumb Code    28  stm32f0xx_adc.o(.text)
    ADC_OverrunModeCmd                       0x080013dd   Thumb Code    28  stm32f0xx_adc.o(.text)
    ADC_GetCalibrationFactor                 0x080013f9   Thumb Code    58  stm32f0xx_adc.o(.text)
    ADC_StopOfConversion                     0x08001433   Thumb Code    10  stm32f0xx_adc.o(.text)
    ADC_StartOfConversion                    0x0800143d   Thumb Code    10  stm32f0xx_adc.o(.text)
    ADC_GetConversionValue                   0x08001447   Thumb Code     8  stm32f0xx_adc.o(.text)
    ADC_DMACmd                               0x0800144f   Thumb Code    24  stm32f0xx_adc.o(.text)
    ADC_DMARequestModeConfig                 0x08001467   Thumb Code    16  stm32f0xx_adc.o(.text)
    ADC_ITConfig                             0x08001477   Thumb Code    20  stm32f0xx_adc.o(.text)
    ADC_GetFlagStatus                        0x0800148b   Thumb Code    44  stm32f0xx_adc.o(.text)
    ADC_ClearFlag                            0x080014b7   Thumb Code     4  stm32f0xx_adc.o(.text)
    ADC_GetITStatus                          0x080014bb   Thumb Code    32  stm32f0xx_adc.o(.text)
    ADC_ClearITPendingBit                    0x080014db   Thumb Code     4  stm32f0xx_adc.o(.text)
    GPIO_DeInit                              0x080014ed   Thumb Code   132  stm32f0xx_gpio.o(.text)
    GPIO_Init                                0x08001571   Thumb Code   144  stm32f0xx_gpio.o(.text)
    GPIO_StructInit                          0x08001601   Thumb Code    20  stm32f0xx_gpio.o(.text)
    GPIO_PinLockConfig                       0x08001615   Thumb Code    34  stm32f0xx_gpio.o(.text)
    GPIO_ReadInputDataBit                    0x08001637   Thumb Code    18  stm32f0xx_gpio.o(.text)
    GPIO_ReadInputData                       0x08001649   Thumb Code     6  stm32f0xx_gpio.o(.text)
    GPIO_ReadOutputDataBit                   0x0800164f   Thumb Code    18  stm32f0xx_gpio.o(.text)
    GPIO_ReadOutputData                      0x08001661   Thumb Code     6  stm32f0xx_gpio.o(.text)
    GPIO_SetBits                             0x08001667   Thumb Code     4  stm32f0xx_gpio.o(.text)
    GPIO_ResetBits                           0x0800166b   Thumb Code     4  stm32f0xx_gpio.o(.text)
    GPIO_WriteBit                            0x0800166f   Thumb Code    12  stm32f0xx_gpio.o(.text)
    GPIO_Write                               0x0800167b   Thumb Code     4  stm32f0xx_gpio.o(.text)
    GPIO_PinAFConfig                         0x0800167f   Thumb Code    68  stm32f0xx_gpio.o(.text)
    SystemInit                               0x080017a3   Thumb Code   110  system_stm32f0xx.o(.text)
    SystemCoreClockUpdate                    0x08001811   Thumb Code   154  system_stm32f0xx.o(.text)
    RCC_DeInit                               0x080018cd   Thumb Code   104  stm32f0xx_rcc.o(.text)
    RCC_HSEConfig                            0x08001935   Thumb Code    12  stm32f0xx_rcc.o(.text)
    RCC_GetFlagStatus                        0x08001941   Thumb Code    66  stm32f0xx_rcc.o(.text)
    RCC_WaitForHSEStartUp                    0x08001983   Thumb Code    60  stm32f0xx_rcc.o(.text)
    RCC_AdjustHSICalibrationValue            0x080019bf   Thumb Code    26  stm32f0xx_rcc.o(.text)
    RCC_HSICmd                               0x080019d9   Thumb Code    32  stm32f0xx_rcc.o(.text)
    RCC_AdjustHSI14CalibrationValue          0x080019f9   Thumb Code    26  stm32f0xx_rcc.o(.text)
    RCC_HSI14Cmd                             0x08001a13   Thumb Code    32  stm32f0xx_rcc.o(.text)
    RCC_HSI14ADCRequestCmd                   0x08001a33   Thumb Code    32  stm32f0xx_rcc.o(.text)
    RCC_LSEConfig                            0x08001a53   Thumb Code    34  stm32f0xx_rcc.o(.text)
    RCC_LSEDriveConfig                       0x08001a75   Thumb Code    22  stm32f0xx_rcc.o(.text)
    RCC_LSICmd                               0x08001a8b   Thumb Code    32  stm32f0xx_rcc.o(.text)
    RCC_PLLConfig                            0x08001aab   Thumb Code    30  stm32f0xx_rcc.o(.text)
    RCC_PLLCmd                               0x08001ac9   Thumb Code    36  stm32f0xx_rcc.o(.text)
    RCC_PREDIV1Config                        0x08001aed   Thumb Code    24  stm32f0xx_rcc.o(.text)
    RCC_ClockSecuritySystemCmd               0x08001b05   Thumb Code    36  stm32f0xx_rcc.o(.text)
    RCC_MCOConfig                            0x08001b29   Thumb Code     6  stm32f0xx_rcc.o(.text)
    RCC_SYSCLKConfig                         0x08001b2f   Thumb Code    24  stm32f0xx_rcc.o(.text)
    RCC_GetSYSCLKSource                      0x08001b47   Thumb Code    10  stm32f0xx_rcc.o(.text)
    RCC_HCLKConfig                           0x08001b51   Thumb Code    28  stm32f0xx_rcc.o(.text)
    RCC_PCLKConfig                           0x08001b6d   Thumb Code    30  stm32f0xx_rcc.o(.text)
    RCC_ADCCLKConfig                         0x08001b8b   Thumb Code    52  stm32f0xx_rcc.o(.text)
    RCC_CECCLKConfig                         0x08001bbf   Thumb Code    22  stm32f0xx_rcc.o(.text)
    RCC_I2CCLKConfig                         0x08001bd5   Thumb Code    22  stm32f0xx_rcc.o(.text)
    RCC_USARTCLKConfig                       0x08001beb   Thumb Code    22  stm32f0xx_rcc.o(.text)
    RCC_GetClocksFreq                        0x08001c01   Thumb Code   368  stm32f0xx_rcc.o(.text)
    RCC_RTCCLKConfig                         0x08001d71   Thumb Code    12  stm32f0xx_rcc.o(.text)
    RCC_RTCCLKCmd                            0x08001d7d   Thumb Code    36  stm32f0xx_rcc.o(.text)
    RCC_BackupResetCmd                       0x08001da1   Thumb Code    36  stm32f0xx_rcc.o(.text)
    RCC_AHBPeriphClockCmd                    0x08001dc5   Thumb Code    28  stm32f0xx_rcc.o(.text)
    RCC_APB2PeriphClockCmd                   0x08001de1   Thumb Code    28  stm32f0xx_rcc.o(.text)
    RCC_APB1PeriphClockCmd                   0x08001dfd   Thumb Code    28  stm32f0xx_rcc.o(.text)
    RCC_AHBPeriphResetCmd                    0x08001e19   Thumb Code    28  stm32f0xx_rcc.o(.text)
    RCC_APB2PeriphResetCmd                   0x08001e35   Thumb Code    28  stm32f0xx_rcc.o(.text)
    RCC_APB1PeriphResetCmd                   0x08001e51   Thumb Code    28  stm32f0xx_rcc.o(.text)
    RCC_ITConfig                             0x08001e6d   Thumb Code    28  stm32f0xx_rcc.o(.text)
    RCC_ClearFlag                            0x08001e89   Thumb Code    16  stm32f0xx_rcc.o(.text)
    RCC_GetITStatus                          0x08001e99   Thumb Code    20  stm32f0xx_rcc.o(.text)
    RCC_ClearITPendingBit                    0x08001ead   Thumb Code     6  stm32f0xx_rcc.o(.text)
    TIM_DeInit                               0x08001ec1   Thumb Code   204  stm32f0xx_tim.o(.text)
    TIM_TimeBaseInit                         0x08001f8d   Thumb Code    90  stm32f0xx_tim.o(.text)
    TIM_TimeBaseStructInit                   0x08001fe7   Thumb Code    18  stm32f0xx_tim.o(.text)
    TIM_PrescalerConfig                      0x08001ff9   Thumb Code     6  stm32f0xx_tim.o(.text)
    TIM_CounterModeConfig                    0x08001fff   Thumb Code    20  stm32f0xx_tim.o(.text)
    TIM_SetCounter                           0x08002013   Thumb Code     4  stm32f0xx_tim.o(.text)
    TIM_SetAutoreload                        0x08002017   Thumb Code     4  stm32f0xx_tim.o(.text)
    TIM_GetCounter                           0x0800201b   Thumb Code     6  stm32f0xx_tim.o(.text)
    TIM_GetPrescaler                         0x08002021   Thumb Code     6  stm32f0xx_tim.o(.text)
    TIM_UpdateDisableConfig                  0x08002027   Thumb Code    26  stm32f0xx_tim.o(.text)
    TIM_UpdateRequestConfig                  0x08002041   Thumb Code    26  stm32f0xx_tim.o(.text)
    TIM_ARRPreloadConfig                     0x0800205b   Thumb Code    26  stm32f0xx_tim.o(.text)
    TIM_SelectOnePulseMode                   0x08002075   Thumb Code    18  stm32f0xx_tim.o(.text)
    TIM_SetClockDivision                     0x08002087   Thumb Code    16  stm32f0xx_tim.o(.text)
    TIM_Cmd                                  0x08002097   Thumb Code    26  stm32f0xx_tim.o(.text)
    TIM_BDTRConfig                           0x080020b1   Thumb Code    32  stm32f0xx_tim.o(.text)
    TIM_BDTRStructInit                       0x080020d1   Thumb Code    18  stm32f0xx_tim.o(.text)
    TIM_CtrlPWMOutputs                       0x080020e3   Thumb Code    34  stm32f0xx_tim.o(.text)
    TIM_OC1Init                              0x08002105   Thumb Code   122  stm32f0xx_tim.o(.text)
    TIM_OC2Init                              0x0800217f   Thumb Code   132  stm32f0xx_tim.o(.text)
    TIM_OC3Init                              0x08002203   Thumb Code   124  stm32f0xx_tim.o(.text)
    TIM_OC4Init                              0x0800227f   Thumb Code   150  stm32f0xx_tim.o(.text)
    TIM_OCStructInit                         0x08002315   Thumb Code    20  stm32f0xx_tim.o(.text)
    TIM_SelectOCxM                           0x08002329   Thumb Code    82  stm32f0xx_tim.o(.text)
    TIM_SetCompare1                          0x0800237b   Thumb Code     4  stm32f0xx_tim.o(.text)
    TIM_SetCompare2                          0x0800237f   Thumb Code     4  stm32f0xx_tim.o(.text)
    TIM_SetCompare3                          0x08002383   Thumb Code     4  stm32f0xx_tim.o(.text)
    TIM_SetCompare4                          0x08002387   Thumb Code     4  stm32f0xx_tim.o(.text)
    TIM_ForcedOC1Config                      0x0800238b   Thumb Code    20  stm32f0xx_tim.o(.text)
    TIM_ForcedOC2Config                      0x0800239f   Thumb Code    20  stm32f0xx_tim.o(.text)
    TIM_ForcedOC3Config                      0x080023b3   Thumb Code    20  stm32f0xx_tim.o(.text)
    TIM_ForcedOC4Config                      0x080023c7   Thumb Code    20  stm32f0xx_tim.o(.text)
    TIM_CCPreloadControl                     0x080023db   Thumb Code    26  stm32f0xx_tim.o(.text)
    TIM_OC1PreloadConfig                     0x080023f5   Thumb Code    22  stm32f0xx_tim.o(.text)
    TIM_OC2PreloadConfig                     0x0800240b   Thumb Code    20  stm32f0xx_tim.o(.text)
    TIM_OC3PreloadConfig                     0x0800241f   Thumb Code    22  stm32f0xx_tim.o(.text)
    TIM_OC4PreloadConfig                     0x08002435   Thumb Code    20  stm32f0xx_tim.o(.text)
    TIM_OC1FastConfig                        0x08002449   Thumb Code    22  stm32f0xx_tim.o(.text)
    TIM_OC2FastConfig                        0x0800245f   Thumb Code    20  stm32f0xx_tim.o(.text)
    TIM_OC3FastConfig                        0x08002473   Thumb Code    22  stm32f0xx_tim.o(.text)
    TIM_OC4FastConfig                        0x08002489   Thumb Code    20  stm32f0xx_tim.o(.text)
    TIM_ClearOC1Ref                          0x0800249d   Thumb Code    22  stm32f0xx_tim.o(.text)
    TIM_ClearOC2Ref                          0x080024b3   Thumb Code    20  stm32f0xx_tim.o(.text)
    TIM_ClearOC3Ref                          0x080024c7   Thumb Code    22  stm32f0xx_tim.o(.text)
    TIM_ClearOC4Ref                          0x080024dd   Thumb Code    20  stm32f0xx_tim.o(.text)
    TIM_OC1PolarityConfig                    0x080024f1   Thumb Code    22  stm32f0xx_tim.o(.text)
    TIM_OC1NPolarityConfig                   0x08002507   Thumb Code    22  stm32f0xx_tim.o(.text)
    TIM_OC2PolarityConfig                    0x0800251d   Thumb Code    22  stm32f0xx_tim.o(.text)
    TIM_OC2NPolarityConfig                   0x08002533   Thumb Code    22  stm32f0xx_tim.o(.text)
    TIM_OC3PolarityConfig                    0x08002549   Thumb Code    20  stm32f0xx_tim.o(.text)
    TIM_OC3NPolarityConfig                   0x0800255d   Thumb Code    20  stm32f0xx_tim.o(.text)
    TIM_OC4PolarityConfig                    0x08002571   Thumb Code    20  stm32f0xx_tim.o(.text)
    TIM_SelectOCREFClear                     0x08002585   Thumb Code    18  stm32f0xx_tim.o(.text)
    TIM_CCxCmd                               0x08002597   Thumb Code    30  stm32f0xx_tim.o(.text)
    TIM_CCxNCmd                              0x080025b5   Thumb Code    30  stm32f0xx_tim.o(.text)
    TIM_SelectCOM                            0x080025d3   Thumb Code    26  stm32f0xx_tim.o(.text)
    TIM_SetIC4Prescaler                      0x080025ed   Thumb Code    20  stm32f0xx_tim.o(.text)
    TIM_SetIC3Prescaler                      0x08002643   Thumb Code    18  stm32f0xx_tim.o(.text)
    TIM_SetIC2Prescaler                      0x08002697   Thumb Code    20  stm32f0xx_tim.o(.text)
    TIM_SetIC1Prescaler                      0x08002721   Thumb Code    16  stm32f0xx_tim.o(.text)
    TIM_ICInit                               0x08002767   Thumb Code   112  stm32f0xx_tim.o(.text)
    TIM_ICStructInit                         0x080027d7   Thumb Code    18  stm32f0xx_tim.o(.text)
    TIM_PWMIConfig                           0x080027e9   Thumb Code   124  stm32f0xx_tim.o(.text)
    TIM_GetCapture1                          0x08002865   Thumb Code     6  stm32f0xx_tim.o(.text)
    TIM_GetCapture2                          0x0800286b   Thumb Code     6  stm32f0xx_tim.o(.text)
    TIM_GetCapture3                          0x08002871   Thumb Code     6  stm32f0xx_tim.o(.text)
    TIM_GetCapture4                          0x08002877   Thumb Code     6  stm32f0xx_tim.o(.text)
    TIM_ITConfig                             0x0800287d   Thumb Code    20  stm32f0xx_tim.o(.text)
    TIM_GenerateEvent                        0x08002891   Thumb Code     4  stm32f0xx_tim.o(.text)
    TIM_GetFlagStatus                        0x08002895   Thumb Code    18  stm32f0xx_tim.o(.text)
    TIM_ClearFlag                            0x080028a7   Thumb Code     6  stm32f0xx_tim.o(.text)
    TIM_GetITStatus                          0x080028ad   Thumb Code    38  stm32f0xx_tim.o(.text)
    TIM_ClearITPendingBit                    0x080028d3   Thumb Code     6  stm32f0xx_tim.o(.text)
    TIM_DMAConfig                            0x080028d9   Thumb Code    12  stm32f0xx_tim.o(.text)
    TIM_DMACmd                               0x080028e5   Thumb Code    20  stm32f0xx_tim.o(.text)
    TIM_SelectCCDMA                          0x080028f9   Thumb Code    26  stm32f0xx_tim.o(.text)
    TIM_InternalClockConfig                  0x08002913   Thumb Code    12  stm32f0xx_tim.o(.text)
    TIM_SelectInputTrigger                   0x0800291f   Thumb Code    22  stm32f0xx_tim.o(.text)
    TIM_ITRxExternalClockConfig              0x08002935   Thumb Code    24  stm32f0xx_tim.o(.text)
    TIM_TIxExternalClockConfig               0x0800294d   Thumb Code    58  stm32f0xx_tim.o(.text)
    TIM_ETRConfig                            0x08002987   Thumb Code    24  stm32f0xx_tim.o(.text)
    TIM_ETRClockMode1Config                  0x0800299f   Thumb Code    48  stm32f0xx_tim.o(.text)
    TIM_ETRClockMode2Config                  0x080029cf   Thumb Code    34  stm32f0xx_tim.o(.text)
    TIM_SelectOutputTrigger                  0x080029f1   Thumb Code    18  stm32f0xx_tim.o(.text)
    TIM_SelectSlaveMode                      0x08002a03   Thumb Code    18  stm32f0xx_tim.o(.text)
    TIM_SelectMasterSlaveMode                0x08002a15   Thumb Code    18  stm32f0xx_tim.o(.text)
    TIM_EncoderInterfaceConfig               0x08002a27   Thumb Code    60  stm32f0xx_tim.o(.text)
    TIM_SelectHallSensor                     0x08002a63   Thumb Code    26  stm32f0xx_tim.o(.text)
    TIM_RemapConfig                          0x08002a7d   Thumb Code     6  stm32f0xx_tim.o(.text)
    DMA_DeInit                               0x08002a8d   Thumb Code   152  stm32f0xx_dma.o(.text)
    DMA_Init                                 0x08002b25   Thumb Code    58  stm32f0xx_dma.o(.text)
    DMA_StructInit                           0x08002b5f   Thumb Code    26  stm32f0xx_dma.o(.text)
    DMA_Cmd                                  0x08002b79   Thumb Code    24  stm32f0xx_dma.o(.text)
    DMA_SetCurrDataCounter                   0x08002b91   Thumb Code     4  stm32f0xx_dma.o(.text)
    DMA_GetCurrDataCounter                   0x08002b95   Thumb Code     8  stm32f0xx_dma.o(.text)
    DMA_ITConfig                             0x08002b9d   Thumb Code    20  stm32f0xx_dma.o(.text)
    DMA_GetFlagStatus                        0x08002bb1   Thumb Code    22  stm32f0xx_dma.o(.text)
    DMA_ClearFlag                            0x08002bc7   Thumb Code     8  stm32f0xx_dma.o(.text)
    DMA_GetITStatus                          0x08002bcf   Thumb Code    22  stm32f0xx_dma.o(.text)
    DMA_ClearITPendingBit                    0x08002be5   Thumb Code     8  stm32f0xx_dma.o(.text)
    USART_DeInit                             0x08002bf9   Thumb Code    56  stm32f0xx_usart.o(.text)
    USART_Init                               0x08002c31   Thumb Code   230  stm32f0xx_usart.o(.text)
    USART_StructInit                         0x08002d17   Thumb Code    24  stm32f0xx_usart.o(.text)
    USART_ClockInit                          0x08002d2f   Thumb Code    36  stm32f0xx_usart.o(.text)
    USART_ClockStructInit                    0x08002d53   Thumb Code    12  stm32f0xx_usart.o(.text)
    USART_Cmd                                0x08002d5f   Thumb Code    24  stm32f0xx_usart.o(.text)
    USART_DirectionModeCmd                   0x08002d77   Thumb Code    20  stm32f0xx_usart.o(.text)
    USART_OverSampling8Cmd                   0x08002d8b   Thumb Code    28  stm32f0xx_usart.o(.text)
    USART_OneBitMethodCmd                    0x08002da7   Thumb Code    28  stm32f0xx_usart.o(.text)
    USART_MSBFirstCmd                        0x08002dc3   Thumb Code    28  stm32f0xx_usart.o(.text)
    USART_DataInvCmd                         0x08002ddf   Thumb Code    28  stm32f0xx_usart.o(.text)
    USART_InvPinCmd                          0x08002dfb   Thumb Code    20  stm32f0xx_usart.o(.text)
    USART_SWAPPinCmd                         0x08002e0f   Thumb Code    28  stm32f0xx_usart.o(.text)
    USART_ReceiverTimeOutCmd                 0x08002e2b   Thumb Code    28  stm32f0xx_usart.o(.text)
    USART_SetReceiverTimeOut                 0x08002e47   Thumb Code    16  stm32f0xx_usart.o(.text)
    USART_SetPrescaler                       0x08002e57   Thumb Code    18  stm32f0xx_usart.o(.text)
    USART_STOPModeCmd                        0x08002e69   Thumb Code    24  stm32f0xx_usart.o(.text)
    USART_StopModeWakeUpSourceConfig         0x08002e81   Thumb Code    18  stm32f0xx_usart.o(.text)
    USART_AutoBaudRateCmd                    0x08002e93   Thumb Code    28  stm32f0xx_usart.o(.text)
    USART_AutoBaudRateConfig                 0x08002eaf   Thumb Code    18  stm32f0xx_usart.o(.text)
    USART_AutoBaudRateNewRequest             0x08002ec1   Thumb Code    12  stm32f0xx_usart.o(.text)
    USART_SendData                           0x08002ecd   Thumb Code     8  stm32f0xx_usart.o(.text)
    USART_ReceiveData                        0x08002ed5   Thumb Code    10  stm32f0xx_usart.o(.text)
    USART_SetAddress                         0x08002edf   Thumb Code    18  stm32f0xx_usart.o(.text)
    USART_MuteModeCmd                        0x08002ef1   Thumb Code    28  stm32f0xx_usart.o(.text)
    USART_MuteModeWakeUpConfig               0x08002f0d   Thumb Code    18  stm32f0xx_usart.o(.text)
    USART_AddressDetectionConfig             0x08002f1f   Thumb Code    16  stm32f0xx_usart.o(.text)
    USART_LINBreakDetectLengthConfig         0x08002f2f   Thumb Code    16  stm32f0xx_usart.o(.text)
    USART_LINCmd                             0x08002f3f   Thumb Code    28  stm32f0xx_usart.o(.text)
    USART_HalfDuplexCmd                      0x08002f5b   Thumb Code    24  stm32f0xx_usart.o(.text)
    USART_SetGuardTime                       0x08002f73   Thumb Code    16  stm32f0xx_usart.o(.text)
    USART_SmartCardCmd                       0x08002f83   Thumb Code    24  stm32f0xx_usart.o(.text)
    USART_SmartCardNACKCmd                   0x08002f9b   Thumb Code    24  stm32f0xx_usart.o(.text)
    USART_SetAutoRetryCount                  0x08002fb3   Thumb Code    20  stm32f0xx_usart.o(.text)
    USART_SetBlockLength                     0x08002fc7   Thumb Code    30  stm32f0xx_usart.o(.text)
    USART_IrDAConfig                         0x08002fe5   Thumb Code    16  stm32f0xx_usart.o(.text)
    USART_IrDACmd                            0x08002ff5   Thumb Code    24  stm32f0xx_usart.o(.text)
    USART_DECmd                              0x0800300d   Thumb Code    28  stm32f0xx_usart.o(.text)
    USART_DEPolarityConfig                   0x08003029   Thumb Code    18  stm32f0xx_usart.o(.text)
    USART_SetDEAssertionTime                 0x0800303b   Thumb Code    20  stm32f0xx_usart.o(.text)
    USART_SetDEDeassertionTime               0x0800304f   Thumb Code    20  stm32f0xx_usart.o(.text)
    USART_DMACmd                             0x08003063   Thumb Code    20  stm32f0xx_usart.o(.text)
    USART_DMAReceptionErrorConfig            0x08003077   Thumb Code    18  stm32f0xx_usart.o(.text)
    USART_ITConfig                           0x08003089   Thumb Code    66  stm32f0xx_usart.o(.text)
    USART_RequestCmd                         0x080030cb   Thumb Code    20  stm32f0xx_usart.o(.text)
    USART_OverrunDetectionConfig             0x080030df   Thumb Code    18  stm32f0xx_usart.o(.text)
    USART_GetFlagStatus                      0x080030f1   Thumb Code    18  stm32f0xx_usart.o(.text)
    USART_ClearFlag                          0x08003103   Thumb Code     4  stm32f0xx_usart.o(.text)
    USART_GetITStatus                        0x08003107   Thumb Code    78  stm32f0xx_usart.o(.text)
    USART_ClearITPendingBit                  0x08003155   Thumb Code    18  stm32f0xx_usart.o(.text)
    NVIC_Init                                0x08003169   Thumb Code   106  stm32f0xx_misc.o(.text)
    NVIC_SystemLPConfig                      0x080031d3   Thumb Code    28  stm32f0xx_misc.o(.text)
    SysTick_CLKSourceConfig                  0x080031ef   Thumb Code    32  stm32f0xx_misc.o(.text)
    __aeabi_uidiv                            0x0800321d   Thumb Code     0  aeabi_sdiv.o(.text)
    __aeabi_uidivmod                         0x0800321d   Thumb Code    20  aeabi_sdiv.o(.text)
    __aeabi_idiv                             0x08003231   Thumb Code     0  aeabi_sdiv.o(.text)
    __aeabi_idivmod                          0x08003231   Thumb Code   326  aeabi_sdiv.o(.text)
    __use_two_region_memory                  0x08003377   Thumb Code     2  heapauxi.o(.text)
    __rt_heap_escrow$2region                 0x08003379   Thumb Code     2  heapauxi.o(.text)
    __rt_heap_expand$2region                 0x0800337b   Thumb Code     2  heapauxi.o(.text)
    __aeabi_dadd                             0x0800366f   Thumb Code     0  daddsub.o(.text)
    _dadd                                    0x0800366f   Thumb Code    22  daddsub.o(.text)
    __aeabi_dsub                             0x08003685   Thumb Code     0  daddsub.o(.text)
    _dsub                                    0x08003685   Thumb Code    22  daddsub.o(.text)
    __aeabi_drsub                            0x0800369b   Thumb Code     0  daddsub.o(.text)
    _drsb                                    0x0800369b   Thumb Code    24  daddsub.o(.text)
    __aeabi_ddiv                             0x080036c9   Thumb Code     0  ddiv.o(.text)
    _ddiv                                    0x080036c9   Thumb Code  1076  ddiv.o(.text)
    _drdiv                                   0x08003afd   Thumb Code    20  ddiv.o(.text)
    __aeabi_d2iz                             0x08003b15   Thumb Code     0  dfixi.o(.text)
    _dfix                                    0x08003b15   Thumb Code    96  dfixi.o(.text)
    __aeabi_d2uiz                            0x08003b81   Thumb Code     0  dfixui.o(.text)
    _dfixu                                   0x08003b81   Thumb Code    62  dfixui.o(.text)
    __aeabi_i2d_normalise                    0x08003bc9   Thumb Code    66  dflti.o(.text)
    __aeabi_i2d                              0x08003c0b   Thumb Code    16  dflti.o(.text)
    _dflt                                    0x08003c0b   Thumb Code     0  dflti.o(.text)
    __aeabi_ui2d                             0x08003c1b   Thumb Code     6  dflti.o(.text)
    _dfltu                                   0x08003c1b   Thumb Code     0  dflti.o(.text)
    __aeabi_dmul                             0x08003c21   Thumb Code     0  dmul.o(.text)
    _dmul                                    0x08003c21   Thumb Code   578  dmul.o(.text)
    __fpl_dcmp_InfNaN                        0x08003e79   Thumb Code   140  dcmpin.o(.text)
    __fpl_cmpreturn                          0x08003f09   Thumb Code    42  cmpret.o(.text)
    __fpl_dcheck_NaN2                        0x08003f39   Thumb Code    14  dnan2.o(.text)
    __user_setup_stackheap                   0x08003f4d   Thumb Code    62  sys_stackheap_outer.o(.text)
    exit                                     0x08003f8b   Thumb Code    12  exit.o(.text)
    __fpl_return_NaN                         0x08003f97   Thumb Code    94  retnan.o(.text)
    __user_libspace                          0x08003ff5   Thumb Code     8  libspace.o(.text)
    __user_perproc_libspace                  0x08003ff5   Thumb Code     0  libspace.o(.text)
    __user_perthread_libspace                0x08003ff5   Thumb Code     0  libspace.o(.text)
    _sys_exit                                0x08003ffd   Thumb Code     8  sys_exit.o(.text)
    __I$use$semihosting                      0x08004009   Thumb Code     0  use_no_semi.o(.text)
    __use_no_semihosting_swi                 0x08004009   Thumb Code     2  use_no_semi.o(.text)
    __semihosting_library_function           0x0800400b   Thumb Code     0  indicate_semi.o(.text)
    __aeabi_cdcmpeq                          0x0800400d   Thumb Code     0  deqf.o(x$fpl$deqf)
    _dcmpeq                                  0x0800400d   Thumb Code    94  deqf.o(x$fpl$deqf)
    __aeabi_cdcmple                          0x08004071   Thumb Code     0  dlef.o(x$fpl$dleqf)
    _dcmple                                  0x08004071   Thumb Code    94  dlef.o(x$fpl$dleqf)
    __aeabi_cdrcmple                         0x080040d5   Thumb Code     0  drlef.o(x$fpl$drleqf)
    _drcmple                                 0x080040d5   Thumb Code   100  drlef.o(x$fpl$drleqf)
    __I$use$fp                               0x0800413c   Number         0  usenofp.o(x$fpl$usenofp)
    Region$$Table$$Base                      0x08004358   Number         0  anon$$obj.o(Region$$Table)
    Region$$Table$$Limit                     0x08004378   Number         0  anon$$obj.o(Region$$Table)
    i                                        0x20000000   Data           4  adc.o(.data)
    uart1_rx                                 0x20000004   Data           2  stm32f0xx_it.o(.data)
    DeviceID                                 0x20000008   Data           2  main.o(.data)
    FixTimesOut                              0x2000000c   Data           4  main.o(.data)
    UpperComputer                            0x20000010   Data           2  main.o(.data)
    PWM_flag                                 0x20000012   Data           1  main.o(.data)
    BatteryIsHealth                          0x20000013   Data           1  main.o(.data)
    RTC_Time                                 0x20000014   Data           4  main.o(.data)
    CalSOCTimesOut                           0x20000018   Data           1  main.o(.data)
    temp_SLA                                 0x2000001a   Data           2  main.o(.data)
    HealthJudge                              0x2000001c   Data           1  main.o(.data)
    WriteVBeginDone                          0x2000001d   Data           1  main.o(.data)
    WriteVEndDone                            0x2000001e   Data           1  main.o(.data)
    charge_done_flag                         0x2000001f   Data           1  main.o(.data)
    additional_charge_flag                   0x20000020   Data           1  main.o(.data)
    ISLA                                     0x20000028   Data           8  main.o(.data)
    ILED                                     0x20000030   Data           8  main.o(.data)
    VDC                                      0x20000038   Data           8  main.o(.data)
    VSLA                                     0x20000040   Data           8  main.o(.data)
    VSOLAR                                   0x20000048   Data           8  main.o(.data)
    vol_ChargeLimit                          0x20000050   Data           8  main.o(.data)
    VBegin                                   0x20000058   Data           8  main.o(.data)
    VEnd                                     0x20000060   Data           8  main.o(.data)
    QBegin                                   0x20000068   Data           8  main.o(.data)
    QEnd                                     0x20000070   Data           8  main.o(.data)
    TimerPeriod                              0x20000078   Data           2  pwm.o(.data)
    Channel1Pulse                            0x2000007a   Data           2  pwm.o(.data)
    g_slAS                                   0x20000080   Data           8  soc.o(.data)
    uiCapType                                0x20000088   Data           4  soc.o(.data)
    SystemCoreClock                          0x2000008c   Data           4  system_stm32f0xx.o(.data)
    AHBPrescTable                            0x20000090   Data          16  system_stm32f0xx.o(.data)
    AD_Value                                 0x200000b0   Data         384  adc.o(.bss)
    After_filter                             0x20000230   Data          16  adc.o(.bss)
    value                                    0x20000240   Data          32  adc.o(.bss)
    TIM_TimeBaseStructure                    0x20000260   Data          12  pwm.o(.bss)
    TIM_OCInitStructure                      0x2000026c   Data          20  pwm.o(.bss)
    g_SOCPara                                0x20000280   Data          16  soc.o(.bss)
    __libspace_start                         0x20000290   Data          96  libspace.o(.bss)
    __temporary_stack_top$libspace           0x200002f0   Data           0  libspace.o(.bss)



==============================================================================

Memory Map of the image

  Image Entry point : 0x08000195

  Load Region LR_1 (Base: 0x08000000, Size: 0x00004428, Max: 0xffffffff, ABSOLUTE)

    Execution Region ER_RO (Base: 0x08000000, Size: 0x00004378, Max: 0xffffffff, ABSOLUTE)

    Base Addr    Size         Type   Attr      Idx    E Section Name        Object

    0x08000000   0x000000b4   Data   RO            3    RESET               startup_stm32f030.o
    0x080000b4   0x00000008   Code   RO          605  * !!!main             c_p.l(__main.o)
    0x080000bc   0x0000003c   Code   RO          799    !!!scatter          c_p.l(__scatter.o)
    0x080000f8   0x0000001a   Code   RO          801    !!handler_copy      c_p.l(__scatter_copy.o)
    0x08000112   0x00000002   PAD
    0x08000114   0x0000001c   Code   RO          803    !!handler_zi        c_p.l(__scatter_zi.o)
    0x08000130   0x00000002   Code   RO          669    .ARM.Collect$$libinit$$00000000  c_p.l(libinit.o)
    0x08000132   0x00000004   Code   RO          684    .ARM.Collect$$libinit$$00000001  c_p.l(libinit2.o)
    0x08000136   0x00000000   Code   RO          688    .ARM.Collect$$libinit$$00000008  c_p.l(libinit2.o)
    0x08000136   0x00000000   Code   RO          690    .ARM.Collect$$libinit$$0000000A  c_p.l(libinit2.o)
    0x08000136   0x00000000   Code   RO          692    .ARM.Collect$$libinit$$0000000C  c_p.l(libinit2.o)
    0x08000136   0x00000000   Code   RO          695    .ARM.Collect$$libinit$$0000000F  c_p.l(libinit2.o)
    0x08000136   0x00000000   Code   RO          697    .ARM.Collect$$libinit$$00000011  c_p.l(libinit2.o)
    0x08000136   0x00000000   Code   RO          699    .ARM.Collect$$libinit$$00000013  c_p.l(libinit2.o)
    0x08000136   0x00000000   Code   RO          701    .ARM.Collect$$libinit$$00000015  c_p.l(libinit2.o)
    0x08000136   0x00000000   Code   RO          703    .ARM.Collect$$libinit$$00000017  c_p.l(libinit2.o)
    0x08000136   0x00000000   Code   RO          705    .ARM.Collect$$libinit$$00000019  c_p.l(libinit2.o)
    0x08000136   0x00000000   Code   RO          707    .ARM.Collect$$libinit$$0000001B  c_p.l(libinit2.o)
    0x08000136   0x00000000   Code   RO          709    .ARM.Collect$$libinit$$0000001D  c_p.l(libinit2.o)
    0x08000136   0x00000000   Code   RO          711    .ARM.Collect$$libinit$$0000001F  c_p.l(libinit2.o)
    0x08000136   0x00000000   Code   RO          713    .ARM.Collect$$libinit$$00000021  c_p.l(libinit2.o)
    0x08000136   0x00000000   Code   RO          715    .ARM.Collect$$libinit$$00000023  c_p.l(libinit2.o)
    0x08000136   0x00000000   Code   RO          719    .ARM.Collect$$libinit$$0000002A  c_p.l(libinit2.o)
    0x08000136   0x00000000   Code   RO          721    .ARM.Collect$$libinit$$0000002C  c_p.l(libinit2.o)
    0x08000136   0x00000000   Code   RO          723    .ARM.Collect$$libinit$$0000002E  c_p.l(libinit2.o)
    0x08000136   0x00000000   Code   RO          725    .ARM.Collect$$libinit$$00000030  c_p.l(libinit2.o)
    0x08000136   0x00000002   Code   RO          726    .ARM.Collect$$libinit$$00000031  c_p.l(libinit2.o)
    0x08000138   0x00000002   Code   RO          757    .ARM.Collect$$libshutdown$$00000000  c_p.l(libshutdown.o)
    0x0800013a   0x00000000   Code   RO          784    .ARM.Collect$$libshutdown$$00000003  c_p.l(libshutdown2.o)
    0x0800013a   0x00000000   Code   RO          787    .ARM.Collect$$libshutdown$$00000006  c_p.l(libshutdown2.o)
    0x0800013a   0x00000000   Code   RO          790    .ARM.Collect$$libshutdown$$00000009  c_p.l(libshutdown2.o)
    0x0800013a   0x00000000   Code   RO          792    .ARM.Collect$$libshutdown$$0000000B  c_p.l(libshutdown2.o)
    0x0800013a   0x00000000   Code   RO          795    .ARM.Collect$$libshutdown$$0000000E  c_p.l(libshutdown2.o)
    0x0800013a   0x00000002   Code   RO          796    .ARM.Collect$$libshutdown$$0000000F  c_p.l(libshutdown2.o)
    0x0800013c   0x00000000   Code   RO          626    .ARM.Collect$$rtentry$$00000000  c_p.l(rtentry.o)
    0x0800013c   0x00000000   Code   RO          635    .ARM.Collect$$rtentry$$00000002  c_p.l(rtentry2.o)
    0x0800013c   0x00000006   Code   RO          647    .ARM.Collect$$rtentry$$00000004  c_p.l(rtentry4.o)
    0x08000142   0x00000000   Code   RO          637    .ARM.Collect$$rtentry$$00000009  c_p.l(rtentry2.o)
    0x08000142   0x00000004   Code   RO          638    .ARM.Collect$$rtentry$$0000000A  c_p.l(rtentry2.o)
    0x08000146   0x00000000   Code   RO          640    .ARM.Collect$$rtentry$$0000000C  c_p.l(rtentry2.o)
    0x08000146   0x00000008   Code   RO          641    .ARM.Collect$$rtentry$$0000000D  c_p.l(rtentry2.o)
    0x0800014e   0x00000002   Code   RO          676    .ARM.Collect$$rtexit$$00000000  c_p.l(rtexit.o)
    0x08000150   0x00000000   Code   RO          730    .ARM.Collect$$rtexit$$00000002  c_p.l(rtexit2.o)
    0x08000150   0x00000004   Code   RO          731    .ARM.Collect$$rtexit$$00000003  c_p.l(rtexit2.o)
    0x08000154   0x00000006   Code   RO          732    .ARM.Collect$$rtexit$$00000004  c_p.l(rtexit2.o)
    0x0800015a   0x00000002   PAD
    0x0800015c   0x00000038   Code   RO          595    .emb_text           c_p.l(rt_memcpy.o)
    0x08000194   0x00000038   Code   RO            4  * .text               startup_stm32f030.o
    0x080001cc   0x00000318   Code   RO           12    .text               adc.o
    0x080004e4   0x00000030   Code   RO          122    .text               gpio.o
    0x08000514   0x00000038   Code   RO          148    .text               stm32f0xx_it.o
    0x0800054c   0x000009e0   Code   RO          181    .text               main.o
    0x08000f2c   0x000000d0   Code   RO          212    .text               pwm.o
    0x08000ffc   0x00000130   Code   RO          236    .text               soc.o
    0x0800112c   0x000000e0   Code   RO          262    .text               usart.o
    0x0800120c   0x000002e0   Code   RO          282    .text               stm32f0xx_adc.o
    0x080014ec   0x000001ec   Code   RO          365    .text               stm32f0xx_gpio.o
    0x080016d8   0x000001f4   Code   RO          391    .text               system_stm32f0xx.o
    0x080018cc   0x000005f4   Code   RO          435    .text               stm32f0xx_rcc.o
    0x08001ec0   0x00000bcc   Code   RO          460    .text               stm32f0xx_tim.o
    0x08002a8c   0x0000016c   Code   RO          483    .text               stm32f0xx_dma.o
    0x08002bf8   0x0000056e   Code   RO          549    .text               stm32f0xx_usart.o
    0x08003166   0x00000002   PAD
    0x08003168   0x000000b4   Code   RO          572    .text               stm32f0xx_misc.o
    0x0800321c   0x0000015a   Code   RO          599    .text               c_p.l(aeabi_sdiv.o)
    0x08003376   0x00000006   Code   RO          603    .text               c_p.l(heapauxi.o)
    0x0800337c   0x0000034c   Code   RO          607    .text               fz_ps.l(daddsub.o)
    0x080036c8   0x0000044c   Code   RO          609    .text               fz_ps.l(ddiv.o)
    0x08003b14   0x0000006c   Code   RO          614    .text               fz_ps.l(dfixi.o)
    0x08003b80   0x00000048   Code   RO          616    .text               fz_ps.l(dfixui.o)
    0x08003bc8   0x00000058   Code   RO          618    .text               fz_ps.l(dflti.o)
    0x08003c20   0x00000258   Code   RO          622    .text               fz_ps.l(dmul.o)
    0x08003e78   0x00000090   Code   RO          631    .text               fz_ps.l(dcmpin.o)
    0x08003f08   0x00000030   Code   RO          651    .text               fz_ps.l(cmpret.o)
    0x08003f38   0x00000014   Code   RO          653    .text               fz_ps.l(dnan2.o)
    0x08003f4c   0x0000003e   Code   RO          655    .text               c_p.l(sys_stackheap_outer.o)
    0x08003f8a   0x0000000c   Code   RO          658    .text               c_p.l(exit.o)
    0x08003f96   0x0000005e   Code   RO          670    .text               fz_ps.l(retnan.o)
    0x08003ff4   0x00000008   Code   RO          672    .text               c_p.l(libspace.o)
    0x08003ffc   0x0000000c   Code   RO          727    .text               c_p.l(sys_exit.o)
    0x08004008   0x00000002   Code   RO          746    .text               c_p.l(use_no_semi.o)
    0x0800400a   0x00000000   Code   RO          748    .text               c_p.l(indicate_semi.o)
    0x0800400a   0x00000002   PAD
    0x0800400c   0x00000064   Code   RO          612    x$fpl$deqf          fz_ps.l(deqf.o)
    0x08004070   0x00000064   Code   RO          620    x$fpl$dleqf         fz_ps.l(dlef.o)
    0x080040d4   0x00000068   Code   RO          624    x$fpl$drleqf        fz_ps.l(drlef.o)
    0x0800413c   0x00000000   Code   RO          633    x$fpl$usenofp       fz_ps.l(usenofp.o)
    0x0800413c   0x00000004   PAD
    0x08004140   0x00000198   Data   RO          182    .constdata          main.o
    0x080042d8   0x00000080   Data   RO          610    .constdata          fz_ps.l(ddiv.o)
    0x08004358   0x00000020   Data   RO          797    Region$$Table       anon$$obj.o


    Execution Region ER_RW (Base: 0x20000000, Size: 0x000000b0, Max: 0xffffffff, ABSOLUTE)

    Base Addr    Size         Type   Attr      Idx    E Section Name        Object

    0x20000000   0x00000004   Data   RW           14    .data               adc.o
    0x20000004   0x00000002   Data   RW          149    .data               stm32f0xx_it.o
    0x20000006   0x00000002   PAD
    0x20000008   0x00000070   Data   RW          183    .data               main.o
    0x20000078   0x00000004   Data   RW          214    .data               pwm.o
    0x2000007c   0x00000004   PAD
    0x20000080   0x0000000c   Data   RW          238    .data               soc.o
    0x2000008c   0x00000014   Data   RW          392    .data               system_stm32f0xx.o
    0x200000a0   0x00000010   Data   RW          436    .data               stm32f0xx_rcc.o


    Execution Region ER_ZI (Base: 0x200000b0, Size: 0x00000840, Max: 0xffffffff, ABSOLUTE)

    Base Addr    Size         Type   Attr      Idx    E Section Name        Object

    0x200000b0   0x000001b0   Zero   RW           13    .bss                adc.o
    0x20000260   0x00000020   Zero   RW          213    .bss                pwm.o
    0x20000280   0x00000010   Zero   RW          237    .bss                soc.o
    0x20000290   0x00000060   Zero   RW          673    .bss                c_p.l(libspace.o)
    0x200002f0   0x00000200   Zero   RW            2    HEAP                startup_stm32f030.o
    0x200004f0   0x00000400   Zero   RW            1    STACK               startup_stm32f030.o


==============================================================================

Image component sizes


      Code (inc. data)   RO Data    RW Data    ZI Data      Debug   Object Name

       792         34          0          4        432     148331   adc.o
        48          6          0          0          0        376   gpio.o
      2528        322        408        112          0       9138   main.o
       208         26          0          4         32        856   pwm.o
       304         34          0         12         16        946   soc.o
        56         26        180          0       1536        540   startup_stm32f030.o
       736         14          0          0          0      24403   stm32f0xx_adc.o
       364         12          0          0          0       8402   stm32f0xx_dma.o
       492         22          0          0          0       7673   stm32f0xx_gpio.o
        56         12          0          2          0       1056   stm32f0xx_it.o
       180         14          0          0          0       1936   stm32f0xx_misc.o
      1524         44          0         16          0      18274   stm32f0xx_rcc.o
      3020        120          0          0          0      41805   stm32f0xx_tim.o
      1390         12          0          0          0      21099   stm32f0xx_usart.o
       500         34          0         20          0       1355   system_stm32f0xx.o
       224         14          0          0          0        929   usart.o

    ----------------------------------------------------------------------
     12424        746        620        176       2016     287119   Object Totals
         0          0         32          0          0          0   (incl. Generated)
         2          0          0          6          0          0   (incl. Padding)

    ----------------------------------------------------------------------

      Code (inc. data)   RO Data    RW Data    ZI Data      Debug   Library Member Name

         8          0          0          0          0         68   __main.o
        60          8          0          0          0          0   __scatter.o
        26          0          0          0          0          0   __scatter_copy.o
        28          0          0          0          0          0   __scatter_zi.o
       346          0          0          0          0         92   aeabi_sdiv.o
        12          0          0          0          0         64   exit.o
         6          0          0          0          0        136   heapauxi.o
         0          0          0          0          0          0   indicate_semi.o
         2          0          0          0          0          0   libinit.o
         6          0          0          0          0          0   libinit2.o
         2          0          0          0          0          0   libshutdown.o
         2          0          0          0          0          0   libshutdown2.o
         8          4          0          0         96         68   libspace.o
        56          0          0          0          0         68   rt_memcpy.o
         0          0          0          0          0          0   rtentry.o
        12          0          0          0          0          0   rtentry2.o
         6          0          0          0          0          0   rtentry4.o
         2          0          0          0          0          0   rtexit.o
        10          0          0          0          0          0   rtexit2.o
        12          4          0          0          0         60   sys_exit.o
        62          0          0          0          0         80   sys_stackheap_outer.o
         2          0          0          0          0         68   use_no_semi.o
        48          6          0          0          0         60   cmpret.o
       844         22          0          0          0        228   daddsub.o
       144          4          0          0          0         76   dcmpin.o
      1100         28        128          0          0        116   ddiv.o
       100          4          0          0          0         92   deqf.o
       108         12          0          0          0         72   dfixi.o
        72         10          0          0          0         68   dfixui.o
        88          0          0          0          0         92   dflti.o
       100          4          0          0          0         92   dlef.o
       600         22          0          0          0         84   dmul.o
        20          6          0          0          0         68   dnan2.o
       104          4          0          0          0        104   drlef.o
        94          0          0          0          0         68   retnan.o
         0          0          0          0          0          0   usenofp.o

    ----------------------------------------------------------------------
      4100        138        128          0         96       1924   Library Totals
        10          0          0          0          0          0   (incl. Padding)

    ----------------------------------------------------------------------

      Code (inc. data)   RO Data    RW Data    ZI Data      Debug   Library Name

       668         16          0          0         96        704   c_p.l
      3422        122        128          0          0       1220   fz_ps.l

    ----------------------------------------------------------------------
      4100        138        128          0         96       1924   Library Totals

    ----------------------------------------------------------------------

==============================================================================


      Code (inc. data)   RO Data    RW Data    ZI Data      Debug   

     16524        884        748        176       2112     286815   Grand Totals
     16524        884        748        176       2112     286815   ELF Image Totals
     16524        884        748        176          0          0   ROM Totals

==============================================================================

    Total RO  Size (Code + RO Data)                17272 (  16.87kB)
    Total RW  Size (RW Data + ZI Data)              2288 (   2.23kB)
    Total ROM Size (Code + RO Data + RW Data)      17448 (  17.04kB)

==============================================================================

