ARM Linker, 5.03 [Build 76] [MDK-ARM Professional]

==============================================================================

Section Cross References

    startup_stm32f030.o(RESET) refers to startup_stm32f030.o(STACK) for __initial_sp
    startup_stm32f030.o(RESET) refers to startup_stm32f030.o(.text) for Reset_Handler
    startup_stm32f030.o(RESET) refers to stm32f0xx_it.o(.text) for NMI_Handler
    startup_stm32f030.o(.text) refers to system_stm32f0xx.o(.text) for SystemInit
    startup_stm32f030.o(.text) refers to entry.o(.ARM.Collect$$$$00000000) for __main
    main.o(.text) refers to usart.o(.text) for usart1_conf
    main.o(.text) refers to rtc.o(.text) for RTC_Config
    main.o(.text) refers to stm32f0xx_gpio.o(.text) for GPIO_ResetBits
    main.o(.text) refers to stm32f0xx_rtc.o(.text) for RTC_GetDate
    main.o(.text) refers to stm32f0xx_usart.o(.text) for USART_SendData
    main.o(.text) refers to printf1.o(i.__0printf$1) for __2printf
    main.o(.text) refers to strncmp.o(.text) for strncmp
    main.o(.text) refers to main.o(.data) for RTC_Date
    main.o(.text) refers to stm32f0xx_it.o(.bss) for USART2_Rx_Buffer
    main.o(.text) refers to strstr.o(.text) for strstr
    main.o(.text) refers to memseta.o(.text) for __aeabi_memclr
    stm32f0xx_it.o(.text) refers to stm32f0xx_usart.o(.text) for USART_GetITStatus
    stm32f0xx_it.o(.text) refers to printf1.o(i.__0printf$1) for __2printf
    stm32f0xx_it.o(.text) refers to stm32f0xx_it.o(.data) for ReceiveID
    stm32f0xx_it.o(.text) refers to stm32f0xx_it.o(.constdata) for .constdata
    stm32f0xx_it.o(.text) refers to main.o(.data) for Handle_U2Data
    stm32f0xx_it.o(.text) refers to stm32f0xx_it.o(.bss) for USART2_Rx_Buffer
    usart.o(.text) refers to stm32f0xx_rcc.o(.text) for RCC_AHBPeriphClockCmd
    usart.o(.text) refers to stm32f0xx_gpio.o(.text) for GPIO_PinAFConfig
    usart.o(.text) refers to stm32f0xx_usart.o(.text) for USART_Init
    usart.o(.text) refers to stm32f0xx_misc.o(.text) for NVIC_Init
    usart.o(.text) refers to strcmp.o(.text) for strcmp
    usart.o(.text) refers to stm32f0xx_it.o(.bss) for USART2_Rx_Buffer
    rtc.o(.text) refers to stm32f0xx_rcc.o(.text) for RCC_APB1PeriphClockCmd
    rtc.o(.text) refers to stm32f0xx_pwr.o(.text) for PWR_BackupAccessCmd
    rtc.o(.text) refers to stm32f0xx_rtc.o(.text) for RTC_Init
    stm32f0xx_usart.o(.text) refers to stm32f0xx_rcc.o(.text) for RCC_APB2PeriphResetCmd
    stm32f0xx_usart.o(.text) refers to uidiv.o(.text) for __aeabi_uidivmod
    stm32f0xx_rcc.o(.text) refers to uidiv.o(.text) for __aeabi_uidivmod
    stm32f0xx_rcc.o(.text) refers to stm32f0xx_rcc.o(.data) for APBAHBPrescTable
    stm32f0xx_gpio.o(.text) refers to stm32f0xx_rcc.o(.text) for RCC_AHBPeriphResetCmd
    stm32f0xx_pwr.o(.text) refers to stm32f0xx_rcc.o(.text) for RCC_APB1PeriphResetCmd
    system_stm32f0xx.o(.text) refers to uidiv.o(.text) for __aeabi_uidivmod
    system_stm32f0xx.o(.text) refers to system_stm32f0xx.o(.data) for SystemCoreClock
    entry.o(.ARM.Collect$$$$00000000) refers (Special) to entry10a.o(.ARM.Collect$$$$0000000D) for __rt_final_cpp
    entry.o(.ARM.Collect$$$$00000000) refers (Special) to entry11a.o(.ARM.Collect$$$$0000000F) for __rt_final_exit
    entry.o(.ARM.Collect$$$$00000000) refers (Special) to entry7b.o(.ARM.Collect$$$$00000008) for _main_clock
    entry.o(.ARM.Collect$$$$00000000) refers (Special) to entry8b.o(.ARM.Collect$$$$0000000A) for _main_cpp_init
    entry.o(.ARM.Collect$$$$00000000) refers (Special) to entry9a.o(.ARM.Collect$$$$0000000B) for _main_init
    entry.o(.ARM.Collect$$$$00000000) refers (Special) to entry5.o(.ARM.Collect$$$$00000004) for _main_scatterload
    entry.o(.ARM.Collect$$$$00000000) refers (Special) to entry2.o(.ARM.Collect$$$$00000001) for _main_stk
    printfb.o(i.__0fprintf$bare) refers to printfb.o(i._printf_core) for _printf_core
    printfb.o(i.__0fprintf$bare) refers to usart.o(.text) for fputc
    printfb.o(i.__0printf$bare) refers to printfb.o(i._printf_core) for _printf_core
    printfb.o(i.__0printf$bare) refers to usart.o(.text) for fputc
    printfb.o(i.__0printf$bare) refers to stdout.o(.data) for __stdout
    printfb.o(i.__0snprintf$bare) refers to printfb.o(i._printf_core) for _printf_core
    printfb.o(i.__0snprintf$bare) refers to printfb.o(i._snputc) for _snputc
    printfb.o(i.__0sprintf$bare) refers to printfb.o(i._printf_core) for _printf_core
    printfb.o(i.__0sprintf$bare) refers to printfb.o(i._sputc) for _sputc
    printfb.o(i.__0vfprintf$bare) refers to printfb.o(i._printf_core) for _printf_core
    printfb.o(i.__0vfprintf$bare) refers to usart.o(.text) for fputc
    printfb.o(i.__0vprintf$bare) refers to printfb.o(i._printf_core) for _printf_core
    printfb.o(i.__0vprintf$bare) refers to usart.o(.text) for fputc
    printfb.o(i.__0vprintf$bare) refers to stdout.o(.data) for __stdout
    printfb.o(i.__0vsnprintf$bare) refers to printfb.o(i._printf_core) for _printf_core
    printfb.o(i.__0vsnprintf$bare) refers to printfb.o(i._snputc) for _snputc
    printfb.o(i.__0vsprintf$bare) refers to printfb.o(i._printf_core) for _printf_core
    printfb.o(i.__0vsprintf$bare) refers to printfb.o(i._sputc) for _sputc
    printf0.o(i.__0fprintf$0) refers to printf0.o(i._printf_core) for _printf_core
    printf0.o(i.__0fprintf$0) refers to usart.o(.text) for fputc
    printf0.o(i.__0printf$0) refers to printf0.o(i._printf_core) for _printf_core
    printf0.o(i.__0printf$0) refers to usart.o(.text) for fputc
    printf0.o(i.__0printf$0) refers to stdout.o(.data) for __stdout
    printf0.o(i.__0snprintf$0) refers to printf0.o(i._printf_core) for _printf_core
    printf0.o(i.__0snprintf$0) refers to printf0.o(i._snputc) for _snputc
    printf0.o(i.__0sprintf$0) refers to printf0.o(i._printf_core) for _printf_core
    printf0.o(i.__0sprintf$0) refers to printf0.o(i._sputc) for _sputc
    printf0.o(i.__0vfprintf$0) refers to printf0.o(i._printf_core) for _printf_core
    printf0.o(i.__0vfprintf$0) refers to usart.o(.text) for fputc
    printf0.o(i.__0vprintf$0) refers to printf0.o(i._printf_core) for _printf_core
    printf0.o(i.__0vprintf$0) refers to usart.o(.text) for fputc
    printf0.o(i.__0vprintf$0) refers to stdout.o(.data) for __stdout
    printf0.o(i.__0vsnprintf$0) refers to printf0.o(i._printf_core) for _printf_core
    printf0.o(i.__0vsnprintf$0) refers to printf0.o(i._snputc) for _snputc
    printf0.o(i.__0vsprintf$0) refers to printf0.o(i._printf_core) for _printf_core
    printf0.o(i.__0vsprintf$0) refers to printf0.o(i._sputc) for _sputc
    printf1.o(i.__0fprintf$1) refers to printf1.o(i._printf_core) for _printf_core
    printf1.o(i.__0fprintf$1) refers to usart.o(.text) for fputc
    printf1.o(i.__0printf$1) refers to printf1.o(i._printf_core) for _printf_core
    printf1.o(i.__0printf$1) refers to usart.o(.text) for fputc
    printf1.o(i.__0printf$1) refers to stdout.o(.data) for __stdout
    printf1.o(i.__0snprintf$1) refers to printf1.o(i._printf_core) for _printf_core
    printf1.o(i.__0snprintf$1) refers to printf1.o(i._snputc) for _snputc
    printf1.o(i.__0sprintf$1) refers to printf1.o(i._printf_core) for _printf_core
    printf1.o(i.__0sprintf$1) refers to printf1.o(i._sputc) for _sputc
    printf1.o(i.__0vfprintf$1) refers to printf1.o(i._printf_core) for _printf_core
    printf1.o(i.__0vfprintf$1) refers to usart.o(.text) for fputc
    printf1.o(i.__0vprintf$1) refers to printf1.o(i._printf_core) for _printf_core
    printf1.o(i.__0vprintf$1) refers to usart.o(.text) for fputc
    printf1.o(i.__0vprintf$1) refers to stdout.o(.data) for __stdout
    printf1.o(i.__0vsnprintf$1) refers to printf1.o(i._printf_core) for _printf_core
    printf1.o(i.__0vsnprintf$1) refers to printf1.o(i._snputc) for _snputc
    printf1.o(i.__0vsprintf$1) refers to printf1.o(i._printf_core) for _printf_core
    printf1.o(i.__0vsprintf$1) refers to printf1.o(i._sputc) for _sputc
    printf1.o(i._printf_core) refers to uidiv.o(.text) for __aeabi_uidivmod
    printf2.o(i.__0fprintf$2) refers to printf2.o(i._printf_core) for _printf_core
    printf2.o(i.__0fprintf$2) refers to usart.o(.text) for fputc
    printf2.o(i.__0printf$2) refers to printf2.o(i._printf_core) for _printf_core
    printf2.o(i.__0printf$2) refers to usart.o(.text) for fputc
    printf2.o(i.__0printf$2) refers to stdout.o(.data) for __stdout
    printf2.o(i.__0snprintf$2) refers to printf2.o(i._printf_core) for _printf_core
    printf2.o(i.__0snprintf$2) refers to printf2.o(i._snputc) for _snputc
    printf2.o(i.__0sprintf$2) refers to printf2.o(i._printf_core) for _printf_core
    printf2.o(i.__0sprintf$2) refers to printf2.o(i._sputc) for _sputc
    printf2.o(i.__0vfprintf$2) refers to printf2.o(i._printf_core) for _printf_core
    printf2.o(i.__0vfprintf$2) refers to usart.o(.text) for fputc
    printf2.o(i.__0vprintf$2) refers to printf2.o(i._printf_core) for _printf_core
    printf2.o(i.__0vprintf$2) refers to usart.o(.text) for fputc
    printf2.o(i.__0vprintf$2) refers to stdout.o(.data) for __stdout
    printf2.o(i.__0vsnprintf$2) refers to printf2.o(i._printf_core) for _printf_core
    printf2.o(i.__0vsnprintf$2) refers to printf2.o(i._snputc) for _snputc
    printf2.o(i.__0vsprintf$2) refers to printf2.o(i._printf_core) for _printf_core
    printf2.o(i.__0vsprintf$2) refers to printf2.o(i._sputc) for _sputc
    printf3.o(i.__0fprintf$3) refers to printf3.o(i._printf_core) for _printf_core
    printf3.o(i.__0fprintf$3) refers to usart.o(.text) for fputc
    printf3.o(i.__0printf$3) refers to printf3.o(i._printf_core) for _printf_core
    printf3.o(i.__0printf$3) refers to usart.o(.text) for fputc
    printf3.o(i.__0printf$3) refers to stdout.o(.data) for __stdout
    printf3.o(i.__0snprintf$3) refers to printf3.o(i._printf_core) for _printf_core
    printf3.o(i.__0snprintf$3) refers to printf3.o(i._snputc) for _snputc
    printf3.o(i.__0sprintf$3) refers to printf3.o(i._printf_core) for _printf_core
    printf3.o(i.__0sprintf$3) refers to printf3.o(i._sputc) for _sputc
    printf3.o(i.__0vfprintf$3) refers to printf3.o(i._printf_core) for _printf_core
    printf3.o(i.__0vfprintf$3) refers to usart.o(.text) for fputc
    printf3.o(i.__0vprintf$3) refers to printf3.o(i._printf_core) for _printf_core
    printf3.o(i.__0vprintf$3) refers to usart.o(.text) for fputc
    printf3.o(i.__0vprintf$3) refers to stdout.o(.data) for __stdout
    printf3.o(i.__0vsnprintf$3) refers to printf3.o(i._printf_core) for _printf_core
    printf3.o(i.__0vsnprintf$3) refers to printf3.o(i._snputc) for _snputc
    printf3.o(i.__0vsprintf$3) refers to printf3.o(i._printf_core) for _printf_core
    printf3.o(i.__0vsprintf$3) refers to printf3.o(i._sputc) for _sputc
    printf3.o(i._printf_core) refers to uidiv.o(.text) for __aeabi_uidivmod
    printf4.o(i.__0fprintf$4) refers to printf4.o(i._printf_core) for _printf_core
    printf4.o(i.__0fprintf$4) refers to usart.o(.text) for fputc
    printf4.o(i.__0printf$4) refers to printf4.o(i._printf_core) for _printf_core
    printf4.o(i.__0printf$4) refers to usart.o(.text) for fputc
    printf4.o(i.__0printf$4) refers to stdout.o(.data) for __stdout
    printf4.o(i.__0snprintf$4) refers to printf4.o(i._printf_core) for _printf_core
    printf4.o(i.__0snprintf$4) refers to printf4.o(i._snputc) for _snputc
    printf4.o(i.__0sprintf$4) refers to printf4.o(i._printf_core) for _printf_core
    printf4.o(i.__0sprintf$4) refers to printf4.o(i._sputc) for _sputc
    printf4.o(i.__0vfprintf$4) refers to printf4.o(i._printf_core) for _printf_core
    printf4.o(i.__0vfprintf$4) refers to usart.o(.text) for fputc
    printf4.o(i.__0vprintf$4) refers to printf4.o(i._printf_core) for _printf_core
    printf4.o(i.__0vprintf$4) refers to usart.o(.text) for fputc
    printf4.o(i.__0vprintf$4) refers to stdout.o(.data) for __stdout
    printf4.o(i.__0vsnprintf$4) refers to printf4.o(i._printf_core) for _printf_core
    printf4.o(i.__0vsnprintf$4) refers to printf4.o(i._snputc) for _snputc
    printf4.o(i.__0vsprintf$4) refers to printf4.o(i._printf_core) for _printf_core
    printf4.o(i.__0vsprintf$4) refers to printf4.o(i._sputc) for _sputc
    printf4.o(i._printf_core) refers to uldiv.o(.text) for __aeabi_uldivmod
    printf5.o(i.__0fprintf$5) refers to printf5.o(i._printf_core) for _printf_core
    printf5.o(i.__0fprintf$5) refers to usart.o(.text) for fputc
    printf5.o(i.__0printf$5) refers to printf5.o(i._printf_core) for _printf_core
    printf5.o(i.__0printf$5) refers to usart.o(.text) for fputc
    printf5.o(i.__0printf$5) refers to stdout.o(.data) for __stdout
    printf5.o(i.__0snprintf$5) refers to printf5.o(i._printf_core) for _printf_core
    printf5.o(i.__0snprintf$5) refers to printf5.o(i._snputc) for _snputc
    printf5.o(i.__0sprintf$5) refers to printf5.o(i._printf_core) for _printf_core
    printf5.o(i.__0sprintf$5) refers to printf5.o(i._sputc) for _sputc
    printf5.o(i.__0vfprintf$5) refers to printf5.o(i._printf_core) for _printf_core
    printf5.o(i.__0vfprintf$5) refers to usart.o(.text) for fputc
    printf5.o(i.__0vprintf$5) refers to printf5.o(i._printf_core) for _printf_core
    printf5.o(i.__0vprintf$5) refers to usart.o(.text) for fputc
    printf5.o(i.__0vprintf$5) refers to stdout.o(.data) for __stdout
    printf5.o(i.__0vsnprintf$5) refers to printf5.o(i._printf_core) for _printf_core
    printf5.o(i.__0vsnprintf$5) refers to printf5.o(i._snputc) for _snputc
    printf5.o(i.__0vsprintf$5) refers to printf5.o(i._printf_core) for _printf_core
    printf5.o(i.__0vsprintf$5) refers to printf5.o(i._sputc) for _sputc
    printf5.o(i._printf_core) refers to uldiv.o(.text) for __aeabi_uldivmod
    printf6.o(i.__0fprintf$6) refers to printf6.o(i._printf_core) for _printf_core
    printf6.o(i.__0fprintf$6) refers to usart.o(.text) for fputc
    printf6.o(i.__0printf$6) refers to printf6.o(i._printf_core) for _printf_core
    printf6.o(i.__0printf$6) refers to usart.o(.text) for fputc
    printf6.o(i.__0printf$6) refers to stdout.o(.data) for __stdout
    printf6.o(i.__0snprintf$6) refers to printf6.o(i._printf_core) for _printf_core
    printf6.o(i.__0snprintf$6) refers to printf6.o(i._snputc) for _snputc
    printf6.o(i.__0sprintf$6) refers to printf6.o(i._printf_core) for _printf_core
    printf6.o(i.__0sprintf$6) refers to printf6.o(i._sputc) for _sputc
    printf6.o(i.__0vfprintf$6) refers to printf6.o(i._printf_core) for _printf_core
    printf6.o(i.__0vfprintf$6) refers to usart.o(.text) for fputc
    printf6.o(i.__0vprintf$6) refers to printf6.o(i._printf_core) for _printf_core
    printf6.o(i.__0vprintf$6) refers to usart.o(.text) for fputc
    printf6.o(i.__0vprintf$6) refers to stdout.o(.data) for __stdout
    printf6.o(i.__0vsnprintf$6) refers to printf6.o(i._printf_core) for _printf_core
    printf6.o(i.__0vsnprintf$6) refers to printf6.o(i._snputc) for _snputc
    printf6.o(i.__0vsprintf$6) refers to printf6.o(i._printf_core) for _printf_core
    printf6.o(i.__0vsprintf$6) refers to printf6.o(i._sputc) for _sputc
    printf6.o(i._printf_core) refers to printf6.o(i._printf_pre_padding) for _printf_pre_padding
    printf6.o(i._printf_core) refers to printf6.o(i._printf_post_padding) for _printf_post_padding
    printf6.o(i._printf_core) refers to uidiv.o(.text) for __aeabi_uidivmod
    printf7.o(i.__0fprintf$7) refers to printf7.o(i._printf_core) for _printf_core
    printf7.o(i.__0fprintf$7) refers to usart.o(.text) for fputc
    printf7.o(i.__0printf$7) refers to printf7.o(i._printf_core) for _printf_core
    printf7.o(i.__0printf$7) refers to usart.o(.text) for fputc
    printf7.o(i.__0printf$7) refers to stdout.o(.data) for __stdout
    printf7.o(i.__0snprintf$7) refers to printf7.o(i._printf_core) for _printf_core
    printf7.o(i.__0snprintf$7) refers to printf7.o(i._snputc) for _snputc
    printf7.o(i.__0sprintf$7) refers to printf7.o(i._printf_core) for _printf_core
    printf7.o(i.__0sprintf$7) refers to printf7.o(i._sputc) for _sputc
    printf7.o(i.__0vfprintf$7) refers to printf7.o(i._printf_core) for _printf_core
    printf7.o(i.__0vfprintf$7) refers to usart.o(.text) for fputc
    printf7.o(i.__0vprintf$7) refers to printf7.o(i._printf_core) for _printf_core
    printf7.o(i.__0vprintf$7) refers to usart.o(.text) for fputc
    printf7.o(i.__0vprintf$7) refers to stdout.o(.data) for __stdout
    printf7.o(i.__0vsnprintf$7) refers to printf7.o(i._printf_core) for _printf_core
    printf7.o(i.__0vsnprintf$7) refers to printf7.o(i._snputc) for _snputc
    printf7.o(i.__0vsprintf$7) refers to printf7.o(i._printf_core) for _printf_core
    printf7.o(i.__0vsprintf$7) refers to printf7.o(i._sputc) for _sputc
    printf7.o(i._printf_core) refers to printf7.o(i._printf_pre_padding) for _printf_pre_padding
    printf7.o(i._printf_core) refers to printf7.o(i._printf_post_padding) for _printf_post_padding
    printf7.o(i._printf_core) refers to uldiv.o(.text) for __aeabi_uldivmod
    printf8.o(i.__0fprintf$8) refers to printf8.o(i._printf_core) for _printf_core
    printf8.o(i.__0fprintf$8) refers to usart.o(.text) for fputc
    printf8.o(i.__0printf$8) refers to printf8.o(i._printf_core) for _printf_core
    printf8.o(i.__0printf$8) refers to usart.o(.text) for fputc
    printf8.o(i.__0printf$8) refers to stdout.o(.data) for __stdout
    printf8.o(i.__0snprintf$8) refers to printf8.o(i._printf_core) for _printf_core
    printf8.o(i.__0snprintf$8) refers to printf8.o(i._snputc) for _snputc
    printf8.o(i.__0sprintf$8) refers to printf8.o(i._printf_core) for _printf_core
    printf8.o(i.__0sprintf$8) refers to printf8.o(i._sputc) for _sputc
    printf8.o(i.__0vfprintf$8) refers to printf8.o(i._printf_core) for _printf_core
    printf8.o(i.__0vfprintf$8) refers to usart.o(.text) for fputc
    printf8.o(i.__0vprintf$8) refers to printf8.o(i._printf_core) for _printf_core
    printf8.o(i.__0vprintf$8) refers to usart.o(.text) for fputc
    printf8.o(i.__0vprintf$8) refers to stdout.o(.data) for __stdout
    printf8.o(i.__0vsnprintf$8) refers to printf8.o(i._printf_core) for _printf_core
    printf8.o(i.__0vsnprintf$8) refers to printf8.o(i._snputc) for _snputc
    printf8.o(i.__0vsprintf$8) refers to printf8.o(i._printf_core) for _printf_core
    printf8.o(i.__0vsprintf$8) refers to printf8.o(i._sputc) for _sputc
    printf8.o(i._printf_core) refers to printf8.o(i._printf_pre_padding) for _printf_pre_padding
    printf8.o(i._printf_core) refers to printf8.o(i._printf_post_padding) for _printf_post_padding
    printf8.o(i._printf_core) refers to uldiv.o(.text) for __aeabi_uldivmod
    printfa.o(i.__0fprintf) refers (Special) to iusefp.o(.text) for __I$use$fp
    printfa.o(i.__0fprintf) refers to printfa.o(i._printf_core) for _printf_core
    printfa.o(i.__0fprintf) refers to usart.o(.text) for fputc
    printfa.o(i.__0printf) refers (Special) to iusefp.o(.text) for __I$use$fp
    printfa.o(i.__0printf) refers to printfa.o(i._printf_core) for _printf_core
    printfa.o(i.__0printf) refers to usart.o(.text) for fputc
    printfa.o(i.__0printf) refers to stdout.o(.data) for __stdout
    printfa.o(i.__0snprintf) refers (Special) to iusefp.o(.text) for __I$use$fp
    printfa.o(i.__0snprintf) refers to printfa.o(i._printf_core) for _printf_core
    printfa.o(i.__0snprintf) refers to printfa.o(i._snputc) for _snputc
    printfa.o(i.__0sprintf) refers (Special) to iusefp.o(.text) for __I$use$fp
    printfa.o(i.__0sprintf) refers to printfa.o(i._printf_core) for _printf_core
    printfa.o(i.__0sprintf) refers to printfa.o(i._sputc) for _sputc
    printfa.o(i.__0vfprintf) refers (Special) to iusefp.o(.text) for __I$use$fp
    printfa.o(i.__0vfprintf) refers to printfa.o(i._printf_core) for _printf_core
    printfa.o(i.__0vfprintf) refers to usart.o(.text) for fputc
    printfa.o(i.__0vprintf) refers (Special) to iusefp.o(.text) for __I$use$fp
    printfa.o(i.__0vprintf) refers to printfa.o(i._printf_core) for _printf_core
    printfa.o(i.__0vprintf) refers to usart.o(.text) for fputc
    printfa.o(i.__0vprintf) refers to stdout.o(.data) for __stdout
    printfa.o(i.__0vsnprintf) refers (Special) to iusefp.o(.text) for __I$use$fp
    printfa.o(i.__0vsnprintf) refers to printfa.o(i._printf_core) for _printf_core
    printfa.o(i.__0vsnprintf) refers to printfa.o(i._snputc) for _snputc
    printfa.o(i.__0vsprintf) refers (Special) to iusefp.o(.text) for __I$use$fp
    printfa.o(i.__0vsprintf) refers to printfa.o(i._printf_core) for _printf_core
    printfa.o(i.__0vsprintf) refers to printfa.o(i._sputc) for _sputc
    printfa.o(i._fp_digits) refers (Special) to iusefp.o(.text) for __I$use$fp
    printfa.o(i._fp_digits) refers to dmul.o(.text) for __aeabi_dmul
    printfa.o(i._fp_digits) refers to ddiv.o(.text) for __aeabi_ddiv
    printfa.o(i._fp_digits) refers to cdrcmple.o(.text) for __aeabi_cdrcmple
    printfa.o(i._fp_digits) refers to dadd.o(.text) for __aeabi_dadd
    printfa.o(i._fp_digits) refers to dfixul.o(.text) for __aeabi_d2ulz
    printfa.o(i._fp_digits) refers to uldiv.o(.text) for __aeabi_uldivmod
    printfa.o(i._printf_core) refers (Special) to iusefp.o(.text) for __I$use$fp
    printfa.o(i._printf_core) refers to printfa.o(i._printf_pre_padding) for _printf_pre_padding
    printfa.o(i._printf_core) refers to uldiv.o(.text) for __aeabi_uldivmod
    printfa.o(i._printf_core) refers to printfa.o(i._printf_post_padding) for _printf_post_padding
    printfa.o(i._printf_core) refers to printfa.o(i._fp_digits) for _fp_digits
    printfa.o(i._printf_core) refers to uidiv.o(.text) for __aeabi_uidivmod
    printfa.o(i._printf_post_padding) refers (Special) to iusefp.o(.text) for __I$use$fp
    printfa.o(i._printf_pre_padding) refers (Special) to iusefp.o(.text) for __I$use$fp
    printfa.o(i._snputc) refers (Special) to iusefp.o(.text) for __I$use$fp
    printfa.o(i._sputc) refers (Special) to iusefp.o(.text) for __I$use$fp
    entry2.o(.ARM.Collect$$$$00000001) refers to entry2.o(.ARM.Collect$$$$00002712) for __lit__00000000
    entry2.o(.ARM.Collect$$$$00002712) refers to startup_stm32f030.o(STACK) for __initial_sp
    entry2.o(__vectab_stack_and_reset_area) refers to startup_stm32f030.o(STACK) for __initial_sp
    entry2.o(__vectab_stack_and_reset_area) refers to entry.o(.ARM.Collect$$$$00000000) for __main
    entry5.o(.ARM.Collect$$$$00000004) refers to init.o(.text) for __scatterload
    entry9a.o(.ARM.Collect$$$$0000000B) refers to main.o(.text) for main
    entry9b.o(.ARM.Collect$$$$0000000C) refers to main.o(.text) for main
    uldiv.o(.text) refers to llushr.o(.text) for __aeabi_llsr
    uldiv.o(.text) refers to llshl.o(.text) for __aeabi_llsl
    dadd.o(.text) refers to llshl.o(.text) for __aeabi_llsl
    dadd.o(.text) refers to llsshr.o(.text) for __aeabi_lasr
    dadd.o(.text) refers to depilogue.o(.text) for _double_epilogue
    dmul.o(.text) refers to depilogue.o(.text) for _double_epilogue
    ddiv.o(.text) refers to depilogue.o(.text) for _double_round
    dfixul.o(.text) refers to llushr.o(.text) for __aeabi_llsr
    dfixul.o(.text) refers to llshl.o(.text) for __aeabi_llsl
    init.o(.text) refers to entry5.o(.ARM.Collect$$$$00000004) for __main_after_scatterload
    depilogue.o(.text) refers to depilogue.o(i.__ARM_clz) for __ARM_clz
    depilogue.o(.text) refers to llshl.o(.text) for __aeabi_llsl
    depilogue.o(.text) refers to llushr.o(.text) for __aeabi_llsr


==============================================================================

Removing Unused input sections from the image.

    Removing startup_stm32f030.o(HEAP), (512 bytes).
    Removing main.o(.rev16_text), (4 bytes).
    Removing main.o(.revsh_text), (4 bytes).
    Removing stm32f0xx_it.o(.rev16_text), (4 bytes).
    Removing stm32f0xx_it.o(.revsh_text), (4 bytes).
    Removing usart.o(.rev16_text), (4 bytes).
    Removing usart.o(.revsh_text), (4 bytes).
    Removing rtc.o(.rev16_text), (4 bytes).
    Removing rtc.o(.revsh_text), (4 bytes).
    Removing stm32f0xx_usart.o(.rev16_text), (4 bytes).
    Removing stm32f0xx_usart.o(.revsh_text), (4 bytes).
    Removing stm32f0xx_rcc.o(.rev16_text), (4 bytes).
    Removing stm32f0xx_rcc.o(.revsh_text), (4 bytes).
    Removing stm32f0xx_rtc.o(.rev16_text), (4 bytes).
    Removing stm32f0xx_rtc.o(.revsh_text), (4 bytes).
    Removing stm32f0xx_gpio.o(.rev16_text), (4 bytes).
    Removing stm32f0xx_gpio.o(.revsh_text), (4 bytes).
    Removing stm32f0xx_pwr.o(.rev16_text), (4 bytes).
    Removing stm32f0xx_pwr.o(.revsh_text), (4 bytes).
    Removing system_stm32f0xx.o(.rev16_text), (4 bytes).
    Removing system_stm32f0xx.o(.revsh_text), (4 bytes).
    Removing stm32f0xx_misc.o(.rev16_text), (4 bytes).
    Removing stm32f0xx_misc.o(.revsh_text), (4 bytes).
    Removing dadd.o(.text), (356 bytes).
    Removing dmul.o(.text), (208 bytes).
    Removing ddiv.o(.text), (240 bytes).
    Removing dfixul.o(.text), (64 bytes).
    Removing cdrcmple.o(.text), (40 bytes).
    Removing depilogue.o(.text), (192 bytes).
    Removing depilogue.o(i.__ARM_clz), (46 bytes).

30 unused section(s) (total 1746 bytes) removed from the image.

==============================================================================

Image Symbol Table

    Local Symbols

    Symbol Name                              Value     Ov Type        Size  Object(Section)

    ../clib/../cmprslib/lz77c.c              0x00000000   Number         0  __dclz77c.o ABSOLUTE
    ../clib/microlib/division.c              0x00000000   Number         0  uldiv.o ABSOLUTE
    ../clib/microlib/division.c              0x00000000   Number         0  uidiv.o ABSOLUTE
    ../clib/microlib/init/entry.s            0x00000000   Number         0  entry8b.o ABSOLUTE
    ../clib/microlib/init/entry.s            0x00000000   Number         0  entry9a.o ABSOLUTE
    ../clib/microlib/init/entry.s            0x00000000   Number         0  entry7a.o ABSOLUTE
    ../clib/microlib/init/entry.s            0x00000000   Number         0  entry5.o ABSOLUTE
    ../clib/microlib/init/entry.s            0x00000000   Number         0  entry2.o ABSOLUTE
    ../clib/microlib/init/entry.s            0x00000000   Number         0  entry11b.o ABSOLUTE
    ../clib/microlib/init/entry.s            0x00000000   Number         0  entry11a.o ABSOLUTE
    ../clib/microlib/init/entry.s            0x00000000   Number         0  entry10b.o ABSOLUTE
    ../clib/microlib/init/entry.s            0x00000000   Number         0  entry10a.o ABSOLUTE
    ../clib/microlib/init/entry.s            0x00000000   Number         0  entry9b.o ABSOLUTE
    ../clib/microlib/init/entry.s            0x00000000   Number         0  entry8a.o ABSOLUTE
    ../clib/microlib/init/entry.s            0x00000000   Number         0  entry7b.o ABSOLUTE
    ../clib/microlib/init/entry.s            0x00000000   Number         0  entry.o ABSOLUTE
    ../clib/microlib/longlong.c              0x00000000   Number         0  llsshr.o ABSOLUTE
    ../clib/microlib/longlong.c              0x00000000   Number         0  llushr.o ABSOLUTE
    ../clib/microlib/longlong.c              0x00000000   Number         0  llshl.o ABSOLUTE
    ../clib/microlib/printf/printf.c         0x00000000   Number         0  printf2.o ABSOLUTE
    ../clib/microlib/printf/printf.c         0x00000000   Number         0  printf8.o ABSOLUTE
    ../clib/microlib/printf/printf.c         0x00000000   Number         0  printf6.o ABSOLUTE
    ../clib/microlib/printf/printf.c         0x00000000   Number         0  printf7.o ABSOLUTE
    ../clib/microlib/printf/printf.c         0x00000000   Number         0  printfa.o ABSOLUTE
    ../clib/microlib/printf/printf.c         0x00000000   Number         0  printf5.o ABSOLUTE
    ../clib/microlib/printf/printf.c         0x00000000   Number         0  printf4.o ABSOLUTE
    ../clib/microlib/printf/printf.c         0x00000000   Number         0  printf3.o ABSOLUTE
    ../clib/microlib/printf/printf.c         0x00000000   Number         0  printf1.o ABSOLUTE
    ../clib/microlib/printf/printf.c         0x00000000   Number         0  printf0.o ABSOLUTE
    ../clib/microlib/printf/printf.c         0x00000000   Number         0  printfb.o ABSOLUTE
    ../clib/microlib/printf/stubs.s          0x00000000   Number         0  stubs.o ABSOLUTE
    ../clib/microlib/stdio/streams.c         0x00000000   Number         0  stdout.o ABSOLUTE
    ../clib/microlib/string/memset.c         0x00000000   Number         0  memseta.o ABSOLUTE
    ../clib/microlib/string/strcmp.c         0x00000000   Number         0  strcmp.o ABSOLUTE
    ../clib/microlib/string/strncmp.c        0x00000000   Number         0  strncmp.o ABSOLUTE
    ../clib/microlib/string/strstr.c         0x00000000   Number         0  strstr.o ABSOLUTE
    ../clib/microlib/stubs.s                 0x00000000   Number         0  iusefp.o ABSOLUTE
    ../fplib/microlib/fpadd.c                0x00000000   Number         0  dadd.o ABSOLUTE
    ../fplib/microlib/fpdiv.c                0x00000000   Number         0  ddiv.o ABSOLUTE
    ../fplib/microlib/fpepilogue.c           0x00000000   Number         0  depilogue.o ABSOLUTE
    ../fplib/microlib/fpfix.c                0x00000000   Number         0  dfixul.o ABSOLUTE
    ../fplib/microlib/fpmul.c                0x00000000   Number         0  dmul.o ABSOLUTE
    FWlib\\src\\stm32f0xx_gpio.c             0x00000000   Number         0  stm32f0xx_gpio.o ABSOLUTE
    FWlib\\src\\stm32f0xx_misc.c             0x00000000   Number         0  stm32f0xx_misc.o ABSOLUTE
    FWlib\\src\\stm32f0xx_pwr.c              0x00000000   Number         0  stm32f0xx_pwr.o ABSOLUTE
    FWlib\\src\\stm32f0xx_rcc.c              0x00000000   Number         0  stm32f0xx_rcc.o ABSOLUTE
    FWlib\\src\\stm32f0xx_rtc.c              0x00000000   Number         0  stm32f0xx_rtc.o ABSOLUTE
    FWlib\\src\\stm32f0xx_usart.c            0x00000000   Number         0  stm32f0xx_usart.o ABSOLUTE
    FWlib\\system_stm32f0xx.c                0x00000000   Number         0  system_stm32f0xx.o ABSOLUTE
    FWlib\src\stm32f0xx_gpio.c               0x00000000   Number         0  stm32f0xx_gpio.o ABSOLUTE
    FWlib\src\stm32f0xx_misc.c               0x00000000   Number         0  stm32f0xx_misc.o ABSOLUTE
    FWlib\src\stm32f0xx_pwr.c                0x00000000   Number         0  stm32f0xx_pwr.o ABSOLUTE
    FWlib\src\stm32f0xx_rcc.c                0x00000000   Number         0  stm32f0xx_rcc.o ABSOLUTE
    FWlib\src\stm32f0xx_rtc.c                0x00000000   Number         0  stm32f0xx_rtc.o ABSOLUTE
    FWlib\src\stm32f0xx_usart.c              0x00000000   Number         0  stm32f0xx_usart.o ABSOLUTE
    FWlib\system_stm32f0xx.c                 0x00000000   Number         0  system_stm32f0xx.o ABSOLUTE
    User\\main.c                             0x00000000   Number         0  main.o ABSOLUTE
    User\\rtc.c                              0x00000000   Number         0  rtc.o ABSOLUTE
    User\\stm32f0xx_it.c                     0x00000000   Number         0  stm32f0xx_it.o ABSOLUTE
    User\\usart.c                            0x00000000   Number         0  usart.o ABSOLUTE
    User\main.c                              0x00000000   Number         0  main.o ABSOLUTE
    User\rtc.c                               0x00000000   Number         0  rtc.o ABSOLUTE
    User\stm32f0xx_it.c                      0x00000000   Number         0  stm32f0xx_it.o ABSOLUTE
    User\usart.c                             0x00000000   Number         0  usart.o ABSOLUTE
    cdrcmple.s                               0x00000000   Number         0  cdrcmple.o ABSOLUTE
    dc.s                                     0x00000000   Number         0  dc.o ABSOLUTE
    handlers.s                               0x00000000   Number         0  handlers.o ABSOLUTE
    init.s                                   0x00000000   Number         0  init.o ABSOLUTE
    startup_stm32f030.s                      0x00000000   Number         0  startup_stm32f030.o ABSOLUTE
    RESET                                    0x08000000   Section      180  startup_stm32f030.o(RESET)
    .ARM.Collect$$$$00000000                 0x080000b4   Section        0  entry.o(.ARM.Collect$$$$00000000)
    .ARM.Collect$$$$00000001                 0x080000b4   Section        4  entry2.o(.ARM.Collect$$$$00000001)
    .ARM.Collect$$$$00000004                 0x080000b8   Section        4  entry5.o(.ARM.Collect$$$$00000004)
    .ARM.Collect$$$$00000008                 0x080000bc   Section        0  entry7b.o(.ARM.Collect$$$$00000008)
    .ARM.Collect$$$$0000000A                 0x080000bc   Section        0  entry8b.o(.ARM.Collect$$$$0000000A)
    .ARM.Collect$$$$0000000B                 0x080000bc   Section        8  entry9a.o(.ARM.Collect$$$$0000000B)
    .ARM.Collect$$$$0000000D                 0x080000c4   Section        0  entry10a.o(.ARM.Collect$$$$0000000D)
    .ARM.Collect$$$$0000000F                 0x080000c4   Section        0  entry11a.o(.ARM.Collect$$$$0000000F)
    .ARM.Collect$$$$00002712                 0x080000c4   Section        4  entry2.o(.ARM.Collect$$$$00002712)
    __lit__00000000                          0x080000c4   Data           4  entry2.o(.ARM.Collect$$$$00002712)
    .text                                    0x080000c8   Section       28  startup_stm32f030.o(.text)
    .text                                    0x080000e4   Section        0  main.o(.text)
    .text                                    0x0800072c   Section        0  stm32f0xx_it.o(.text)
    .text                                    0x080007f8   Section        0  usart.o(.text)
    .text                                    0x080009d0   Section        0  rtc.o(.text)
    .text                                    0x08000a4c   Section        0  stm32f0xx_usart.o(.text)
    .text                                    0x08000fbc   Section        0  stm32f0xx_rcc.o(.text)
    .text                                    0x080015b0   Section        0  stm32f0xx_rtc.o(.text)
    RTC_ByteToBcd2                           0x080017c5   Thumb Code    28  stm32f0xx_rtc.o(.text)
    RTC_Bcd2ToByte                           0x080017e1   Thumb Code    26  stm32f0xx_rtc.o(.text)
    .text                                    0x08002114   Section        0  stm32f0xx_gpio.o(.text)
    .text                                    0x08002300   Section        0  stm32f0xx_pwr.o(.text)
    .text                                    0x08002438   Section        0  system_stm32f0xx.o(.text)
    SetSysClock                              0x08002439   Thumb Code   202  system_stm32f0xx.o(.text)
    .text                                    0x0800262c   Section        0  stm32f0xx_misc.o(.text)
    .text                                    0x080026e0   Section        0  uidiv.o(.text)
    .text                                    0x0800270c   Section        0  memseta.o(.text)
    .text                                    0x08002730   Section        0  strstr.o(.text)
    .text                                    0x08002758   Section        0  strcmp.o(.text)
    .text                                    0x08002774   Section        0  strncmp.o(.text)
    .text                                    0x08002794   Section       36  init.o(.text)
    .text                                    0x080027b8   Section        0  __dclz77c.o(.text)
    i.__0printf$1                            0x08002818   Section        0  printf1.o(i.__0printf$1)
    i.__scatterload_copy                     0x08002838   Section       14  handlers.o(i.__scatterload_copy)
    i.__scatterload_null                     0x08002846   Section        2  handlers.o(i.__scatterload_null)
    i.__scatterload_zeroinit                 0x08002848   Section       14  handlers.o(i.__scatterload_zeroinit)
    i._printf_core                           0x08002858   Section        0  printf1.o(i._printf_core)
    _printf_core                             0x08002859   Thumb Code   326  printf1.o(i._printf_core)
    .constdata                               0x080029a4   Section       81  stm32f0xx_it.o(.constdata)
    .data                                    0x20000000   Section     1519  main.o(.data)
    .data                                    0x200005f0   Section        6  stm32f0xx_it.o(.data)
    .data                                    0x200005f6   Section       16  stm32f0xx_rcc.o(.data)
    APBAHBPrescTable                         0x200005f6   Data          16  stm32f0xx_rcc.o(.data)
    .data                                    0x20000608   Section       20  system_stm32f0xx.o(.data)
    .data                                    0x2000061c   Section        4  stdout.o(.data)
    .bss                                     0x20000620   Section      256  stm32f0xx_it.o(.bss)
    STACK                                    0x20000720   Section     1024  startup_stm32f030.o(STACK)

    Global Symbols

    Symbol Name                              Value     Ov Type        Size  Object(Section)

    BuildAttributes$$THM_ISAv3M$S$PE$A:L22$X:L11$S22$IEEE1$IW$USESV6$~STKCKD$USESV7$~SHL$OSPACE$ROPI$EBA8$MICROLIB$REQ8$PRES8$EABIv2 0x00000000   Number         0  anon$$obj.o ABSOLUTE
    __ARM_use_no_argv                        0x00000000   Number         0  main.o ABSOLUTE
    _printf_a                                0x00000000   Number         0  stubs.o ABSOLUTE
    _printf_c                                0x00000000   Number         0  stubs.o ABSOLUTE
    _printf_charcount                        0x00000000   Number         0  stubs.o ABSOLUTE
    _printf_d                                0x00000000   Number         0  stubs.o ABSOLUTE
    _printf_e                                0x00000000   Number         0  stubs.o ABSOLUTE
    _printf_f                                0x00000000   Number         0  stubs.o ABSOLUTE
    _printf_flags                            0x00000000   Number         0  stubs.o ABSOLUTE
    _printf_fp_dec                           0x00000000   Number         0  stubs.o ABSOLUTE
    _printf_fp_hex                           0x00000000   Number         0  stubs.o ABSOLUTE
    _printf_g                                0x00000000   Number         0  stubs.o ABSOLUTE
    _printf_i                                0x00000000   Number         0  stubs.o ABSOLUTE
    _printf_int_dec                          0x00000000   Number         0  stubs.o ABSOLUTE
    _printf_l                                0x00000000   Number         0  stubs.o ABSOLUTE
    _printf_lc                               0x00000000   Number         0  stubs.o ABSOLUTE
    _printf_ll                               0x00000000   Number         0  stubs.o ABSOLUTE
    _printf_lld                              0x00000000   Number         0  stubs.o ABSOLUTE
    _printf_lli                              0x00000000   Number         0  stubs.o ABSOLUTE
    _printf_llo                              0x00000000   Number         0  stubs.o ABSOLUTE
    _printf_llu                              0x00000000   Number         0  stubs.o ABSOLUTE
    _printf_llx                              0x00000000   Number         0  stubs.o ABSOLUTE
    _printf_longlong_dec                     0x00000000   Number         0  stubs.o ABSOLUTE
    _printf_longlong_hex                     0x00000000   Number         0  stubs.o ABSOLUTE
    _printf_longlong_oct                     0x00000000   Number         0  stubs.o ABSOLUTE
    _printf_ls                               0x00000000   Number         0  stubs.o ABSOLUTE
    _printf_mbtowc                           0x00000000   Number         0  stubs.o ABSOLUTE
    _printf_n                                0x00000000   Number         0  stubs.o ABSOLUTE
    _printf_o                                0x00000000   Number         0  stubs.o ABSOLUTE
    _printf_p                                0x00000000   Number         0  stubs.o ABSOLUTE
    _printf_percent                          0x00000000   Number         0  stubs.o ABSOLUTE
    _printf_pre_padding                      0x00000000   Number         0  stubs.o ABSOLUTE
    _printf_return_value                     0x00000000   Number         0  stubs.o ABSOLUTE
    _printf_s                                0x00000000   Number         0  stubs.o ABSOLUTE
    _printf_sizespec                         0x00000000   Number         0  stubs.o ABSOLUTE
    _printf_str                              0x00000000   Number         0  stubs.o ABSOLUTE
    _printf_truncate_signed                  0x00000000   Number         0  stubs.o ABSOLUTE
    _printf_truncate_unsigned                0x00000000   Number         0  stubs.o ABSOLUTE
    _printf_u                                0x00000000   Number         0  stubs.o ABSOLUTE
    _printf_wc                               0x00000000   Number         0  stubs.o ABSOLUTE
    _printf_wctomb                           0x00000000   Number         0  stubs.o ABSOLUTE
    _printf_widthprec                        0x00000000   Number         0  stubs.o ABSOLUTE
    _printf_x                                0x00000000   Number         0  stubs.o ABSOLUTE
    __cpp_initialize__aeabi_                  - Undefined Weak Reference
    __cxa_finalize                            - Undefined Weak Reference
    _clock_init                               - Undefined Weak Reference
    _microlib_exit                            - Undefined Weak Reference
    __Vectors_Size                           0x000000b4   Number         0  startup_stm32f030.o ABSOLUTE
    __Vectors                                0x08000000   Data           4  startup_stm32f030.o(RESET)
    __Vectors_End                            0x080000b4   Data           0  startup_stm32f030.o(RESET)
    __main                                   0x080000b5   Thumb Code     0  entry.o(.ARM.Collect$$$$00000000)
    _main_stk                                0x080000b5   Thumb Code     0  entry2.o(.ARM.Collect$$$$00000001)
    _main_scatterload                        0x080000b9   Thumb Code     0  entry5.o(.ARM.Collect$$$$00000004)
    __main_after_scatterload                 0x080000bd   Thumb Code     0  entry5.o(.ARM.Collect$$$$00000004)
    _main_clock                              0x080000bd   Thumb Code     0  entry7b.o(.ARM.Collect$$$$00000008)
    _main_cpp_init                           0x080000bd   Thumb Code     0  entry8b.o(.ARM.Collect$$$$0000000A)
    _main_init                               0x080000bd   Thumb Code     0  entry9a.o(.ARM.Collect$$$$0000000B)
    __rt_final_cpp                           0x080000c5   Thumb Code     0  entry10a.o(.ARM.Collect$$$$0000000D)
    __rt_final_exit                          0x080000c5   Thumb Code     0  entry11a.o(.ARM.Collect$$$$0000000F)
    Reset_Handler                            0x080000c9   Thumb Code     8  startup_stm32f030.o(.text)
    ADC1_IRQHandler                          0x080000db   Thumb Code     0  startup_stm32f030.o(.text)
    DMA1_Channel1_IRQHandler                 0x080000db   Thumb Code     0  startup_stm32f030.o(.text)
    DMA1_Channel2_3_IRQHandler               0x080000db   Thumb Code     0  startup_stm32f030.o(.text)
    DMA1_Channel4_5_IRQHandler               0x080000db   Thumb Code     0  startup_stm32f030.o(.text)
    EXTI0_1_IRQHandler                       0x080000db   Thumb Code     0  startup_stm32f030.o(.text)
    EXTI2_3_IRQHandler                       0x080000db   Thumb Code     0  startup_stm32f030.o(.text)
    EXTI4_15_IRQHandler                      0x080000db   Thumb Code     0  startup_stm32f030.o(.text)
    FLASH_IRQHandler                         0x080000db   Thumb Code     0  startup_stm32f030.o(.text)
    I2C1_IRQHandler                          0x080000db   Thumb Code     0  startup_stm32f030.o(.text)
    I2C2_IRQHandler                          0x080000db   Thumb Code     0  startup_stm32f030.o(.text)
    RCC_IRQHandler                           0x080000db   Thumb Code     0  startup_stm32f030.o(.text)
    RTC_IRQHandler                           0x080000db   Thumb Code     0  startup_stm32f030.o(.text)
    SPI1_IRQHandler                          0x080000db   Thumb Code     0  startup_stm32f030.o(.text)
    SPI2_IRQHandler                          0x080000db   Thumb Code     0  startup_stm32f030.o(.text)
    TIM14_IRQHandler                         0x080000db   Thumb Code     0  startup_stm32f030.o(.text)
    TIM15_IRQHandler                         0x080000db   Thumb Code     0  startup_stm32f030.o(.text)
    TIM16_IRQHandler                         0x080000db   Thumb Code     0  startup_stm32f030.o(.text)
    TIM17_IRQHandler                         0x080000db   Thumb Code     0  startup_stm32f030.o(.text)
    TIM1_BRK_UP_TRG_COM_IRQHandler           0x080000db   Thumb Code     0  startup_stm32f030.o(.text)
    TIM1_CC_IRQHandler                       0x080000db   Thumb Code     0  startup_stm32f030.o(.text)
    TIM3_IRQHandler                          0x080000db   Thumb Code     0  startup_stm32f030.o(.text)
    WWDG_IRQHandler                          0x080000db   Thumb Code     0  startup_stm32f030.o(.text)
    delay                                    0x080000e5   Thumb Code    26  main.o(.text)
    GetSunTime                               0x080000ff   Thumb Code   106  main.o(.text)
    main                                     0x08000169   Thumb Code  1324  main.o(.text)
    NMI_Handler                              0x0800072d   Thumb Code     2  stm32f0xx_it.o(.text)
    HardFault_Handler                        0x0800072f   Thumb Code     4  stm32f0xx_it.o(.text)
    SVC_Handler                              0x08000733   Thumb Code     2  stm32f0xx_it.o(.text)
    PendSV_Handler                           0x08000735   Thumb Code     2  stm32f0xx_it.o(.text)
    SysTick_Handler                          0x08000737   Thumb Code     2  stm32f0xx_it.o(.text)
    USART1_IRQHandler                        0x08000739   Thumb Code    66  stm32f0xx_it.o(.text)
    USART2_IRQHandler                        0x0800077b   Thumb Code    88  stm32f0xx_it.o(.text)
    usart1_conf                              0x080007f9   Thumb Code   140  usart.o(.text)
    Usart1_Sends                             0x08000885   Thumb Code    42  usart.o(.text)
    usart2_conf                              0x080008af   Thumb Code   174  usart.o(.text)
    Usart2_Sends                             0x0800095d   Thumb Code    38  usart.o(.text)
    fputc                                    0x08000983   Thumb Code    32  usart.o(.text)
    USART2_Receive                           0x080009a3   Thumb Code    24  usart.o(.text)
    RTC_Config                               0x080009d1   Thumb Code   122  rtc.o(.text)
    USART_DeInit                             0x08000a4d   Thumb Code    56  stm32f0xx_usart.o(.text)
    USART_Init                               0x08000a85   Thumb Code   230  stm32f0xx_usart.o(.text)
    USART_StructInit                         0x08000b6b   Thumb Code    24  stm32f0xx_usart.o(.text)
    USART_ClockInit                          0x08000b83   Thumb Code    36  stm32f0xx_usart.o(.text)
    USART_ClockStructInit                    0x08000ba7   Thumb Code    12  stm32f0xx_usart.o(.text)
    USART_Cmd                                0x08000bb3   Thumb Code    24  stm32f0xx_usart.o(.text)
    USART_DirectionModeCmd                   0x08000bcb   Thumb Code    20  stm32f0xx_usart.o(.text)
    USART_OverSampling8Cmd                   0x08000bdf   Thumb Code    28  stm32f0xx_usart.o(.text)
    USART_OneBitMethodCmd                    0x08000bfb   Thumb Code    28  stm32f0xx_usart.o(.text)
    USART_MSBFirstCmd                        0x08000c17   Thumb Code    28  stm32f0xx_usart.o(.text)
    USART_DataInvCmd                         0x08000c33   Thumb Code    28  stm32f0xx_usart.o(.text)
    USART_InvPinCmd                          0x08000c4f   Thumb Code    20  stm32f0xx_usart.o(.text)
    USART_SWAPPinCmd                         0x08000c63   Thumb Code    28  stm32f0xx_usart.o(.text)
    USART_ReceiverTimeOutCmd                 0x08000c7f   Thumb Code    28  stm32f0xx_usart.o(.text)
    USART_SetReceiverTimeOut                 0x08000c9b   Thumb Code    16  stm32f0xx_usart.o(.text)
    USART_SetPrescaler                       0x08000cab   Thumb Code    18  stm32f0xx_usart.o(.text)
    USART_STOPModeCmd                        0x08000cbd   Thumb Code    24  stm32f0xx_usart.o(.text)
    USART_StopModeWakeUpSourceConfig         0x08000cd5   Thumb Code    18  stm32f0xx_usart.o(.text)
    USART_AutoBaudRateCmd                    0x08000ce7   Thumb Code    28  stm32f0xx_usart.o(.text)
    USART_AutoBaudRateConfig                 0x08000d03   Thumb Code    18  stm32f0xx_usart.o(.text)
    USART_AutoBaudRateNewRequest             0x08000d15   Thumb Code    12  stm32f0xx_usart.o(.text)
    USART_SendData                           0x08000d21   Thumb Code     8  stm32f0xx_usart.o(.text)
    USART_ReceiveData                        0x08000d29   Thumb Code    10  stm32f0xx_usart.o(.text)
    USART_SetAddress                         0x08000d33   Thumb Code    18  stm32f0xx_usart.o(.text)
    USART_MuteModeCmd                        0x08000d45   Thumb Code    28  stm32f0xx_usart.o(.text)
    USART_MuteModeWakeUpConfig               0x08000d61   Thumb Code    18  stm32f0xx_usart.o(.text)
    USART_AddressDetectionConfig             0x08000d73   Thumb Code    16  stm32f0xx_usart.o(.text)
    USART_LINBreakDetectLengthConfig         0x08000d83   Thumb Code    16  stm32f0xx_usart.o(.text)
    USART_LINCmd                             0x08000d93   Thumb Code    28  stm32f0xx_usart.o(.text)
    USART_HalfDuplexCmd                      0x08000daf   Thumb Code    24  stm32f0xx_usart.o(.text)
    USART_SetGuardTime                       0x08000dc7   Thumb Code    16  stm32f0xx_usart.o(.text)
    USART_SmartCardCmd                       0x08000dd7   Thumb Code    24  stm32f0xx_usart.o(.text)
    USART_SmartCardNACKCmd                   0x08000def   Thumb Code    24  stm32f0xx_usart.o(.text)
    USART_SetAutoRetryCount                  0x08000e07   Thumb Code    20  stm32f0xx_usart.o(.text)
    USART_SetBlockLength                     0x08000e1b   Thumb Code    30  stm32f0xx_usart.o(.text)
    USART_IrDAConfig                         0x08000e39   Thumb Code    16  stm32f0xx_usart.o(.text)
    USART_IrDACmd                            0x08000e49   Thumb Code    24  stm32f0xx_usart.o(.text)
    USART_DECmd                              0x08000e61   Thumb Code    28  stm32f0xx_usart.o(.text)
    USART_DEPolarityConfig                   0x08000e7d   Thumb Code    18  stm32f0xx_usart.o(.text)
    USART_SetDEAssertionTime                 0x08000e8f   Thumb Code    20  stm32f0xx_usart.o(.text)
    USART_SetDEDeassertionTime               0x08000ea3   Thumb Code    20  stm32f0xx_usart.o(.text)
    USART_DMACmd                             0x08000eb7   Thumb Code    20  stm32f0xx_usart.o(.text)
    USART_DMAReceptionErrorConfig            0x08000ecb   Thumb Code    18  stm32f0xx_usart.o(.text)
    USART_ITConfig                           0x08000edd   Thumb Code    66  stm32f0xx_usart.o(.text)
    USART_RequestCmd                         0x08000f1f   Thumb Code    20  stm32f0xx_usart.o(.text)
    USART_OverrunDetectionConfig             0x08000f33   Thumb Code    18  stm32f0xx_usart.o(.text)
    USART_GetFlagStatus                      0x08000f45   Thumb Code    18  stm32f0xx_usart.o(.text)
    USART_ClearFlag                          0x08000f57   Thumb Code     4  stm32f0xx_usart.o(.text)
    USART_GetITStatus                        0x08000f5b   Thumb Code    78  stm32f0xx_usart.o(.text)
    USART_ClearITPendingBit                  0x08000fa9   Thumb Code    18  stm32f0xx_usart.o(.text)
    RCC_DeInit                               0x08000fbd   Thumb Code   104  stm32f0xx_rcc.o(.text)
    RCC_HSEConfig                            0x08001025   Thumb Code    12  stm32f0xx_rcc.o(.text)
    RCC_GetFlagStatus                        0x08001031   Thumb Code    66  stm32f0xx_rcc.o(.text)
    RCC_WaitForHSEStartUp                    0x08001073   Thumb Code    60  stm32f0xx_rcc.o(.text)
    RCC_AdjustHSICalibrationValue            0x080010af   Thumb Code    26  stm32f0xx_rcc.o(.text)
    RCC_HSICmd                               0x080010c9   Thumb Code    32  stm32f0xx_rcc.o(.text)
    RCC_AdjustHSI14CalibrationValue          0x080010e9   Thumb Code    26  stm32f0xx_rcc.o(.text)
    RCC_HSI14Cmd                             0x08001103   Thumb Code    32  stm32f0xx_rcc.o(.text)
    RCC_HSI14ADCRequestCmd                   0x08001123   Thumb Code    32  stm32f0xx_rcc.o(.text)
    RCC_LSEConfig                            0x08001143   Thumb Code    34  stm32f0xx_rcc.o(.text)
    RCC_LSEDriveConfig                       0x08001165   Thumb Code    22  stm32f0xx_rcc.o(.text)
    RCC_LSICmd                               0x0800117b   Thumb Code    32  stm32f0xx_rcc.o(.text)
    RCC_PLLConfig                            0x0800119b   Thumb Code    30  stm32f0xx_rcc.o(.text)
    RCC_PLLCmd                               0x080011b9   Thumb Code    36  stm32f0xx_rcc.o(.text)
    RCC_PREDIV1Config                        0x080011dd   Thumb Code    24  stm32f0xx_rcc.o(.text)
    RCC_ClockSecuritySystemCmd               0x080011f5   Thumb Code    36  stm32f0xx_rcc.o(.text)
    RCC_MCOConfig                            0x08001219   Thumb Code     6  stm32f0xx_rcc.o(.text)
    RCC_SYSCLKConfig                         0x0800121f   Thumb Code    24  stm32f0xx_rcc.o(.text)
    RCC_GetSYSCLKSource                      0x08001237   Thumb Code    10  stm32f0xx_rcc.o(.text)
    RCC_HCLKConfig                           0x08001241   Thumb Code    28  stm32f0xx_rcc.o(.text)
    RCC_PCLKConfig                           0x0800125d   Thumb Code    30  stm32f0xx_rcc.o(.text)
    RCC_ADCCLKConfig                         0x0800127b   Thumb Code    52  stm32f0xx_rcc.o(.text)
    RCC_CECCLKConfig                         0x080012af   Thumb Code    22  stm32f0xx_rcc.o(.text)
    RCC_I2CCLKConfig                         0x080012c5   Thumb Code    22  stm32f0xx_rcc.o(.text)
    RCC_USARTCLKConfig                       0x080012db   Thumb Code    22  stm32f0xx_rcc.o(.text)
    RCC_GetClocksFreq                        0x080012f1   Thumb Code   368  stm32f0xx_rcc.o(.text)
    RCC_RTCCLKConfig                         0x08001461   Thumb Code    12  stm32f0xx_rcc.o(.text)
    RCC_RTCCLKCmd                            0x0800146d   Thumb Code    36  stm32f0xx_rcc.o(.text)
    RCC_BackupResetCmd                       0x08001491   Thumb Code    36  stm32f0xx_rcc.o(.text)
    RCC_AHBPeriphClockCmd                    0x080014b5   Thumb Code    28  stm32f0xx_rcc.o(.text)
    RCC_APB2PeriphClockCmd                   0x080014d1   Thumb Code    28  stm32f0xx_rcc.o(.text)
    RCC_APB1PeriphClockCmd                   0x080014ed   Thumb Code    28  stm32f0xx_rcc.o(.text)
    RCC_AHBPeriphResetCmd                    0x08001509   Thumb Code    28  stm32f0xx_rcc.o(.text)
    RCC_APB2PeriphResetCmd                   0x08001525   Thumb Code    28  stm32f0xx_rcc.o(.text)
    RCC_APB1PeriphResetCmd                   0x08001541   Thumb Code    28  stm32f0xx_rcc.o(.text)
    RCC_ITConfig                             0x0800155d   Thumb Code    28  stm32f0xx_rcc.o(.text)
    RCC_ClearFlag                            0x08001579   Thumb Code    16  stm32f0xx_rcc.o(.text)
    RCC_GetITStatus                          0x08001589   Thumb Code    20  stm32f0xx_rcc.o(.text)
    RCC_ClearITPendingBit                    0x0800159d   Thumb Code     6  stm32f0xx_rcc.o(.text)
    RTC_WaitForSynchro                       0x080015b1   Thumb Code   100  stm32f0xx_rtc.o(.text)
    RTC_EnterInitMode                        0x08001615   Thumb Code    78  stm32f0xx_rtc.o(.text)
    RTC_DeInit                               0x08001663   Thumb Code    98  stm32f0xx_rtc.o(.text)
    RTC_ExitInitMode                         0x080016c5   Thumb Code    14  stm32f0xx_rtc.o(.text)
    RTC_Init                                 0x080016d3   Thumb Code    84  stm32f0xx_rtc.o(.text)
    RTC_StructInit                           0x08001727   Thumb Code    14  stm32f0xx_rtc.o(.text)
    RTC_WriteProtectionCmd                   0x08001735   Thumb Code    24  stm32f0xx_rtc.o(.text)
    RTC_RefClockCmd                          0x0800174d   Thumb Code    72  stm32f0xx_rtc.o(.text)
    RTC_BypassShadowCmd                      0x08001795   Thumb Code    48  stm32f0xx_rtc.o(.text)
    RTC_SetTime                              0x080017fb   Thumb Code   202  stm32f0xx_rtc.o(.text)
    RTC_TimeStructInit                       0x080018c5   Thumb Code    12  stm32f0xx_rtc.o(.text)
    RTC_GetTime                              0x080018d1   Thumb Code    84  stm32f0xx_rtc.o(.text)
    RTC_GetSubSecond                         0x08001925   Thumb Code    10  stm32f0xx_rtc.o(.text)
    RTC_SetDate                              0x0800192f   Thumb Code   216  stm32f0xx_rtc.o(.text)
    RTC_DateStructInit                       0x08001a07   Thumb Code    14  stm32f0xx_rtc.o(.text)
    RTC_GetDate                              0x08001a15   Thumb Code    88  stm32f0xx_rtc.o(.text)
    RTC_SetAlarm                             0x08001a6d   Thumb Code   206  stm32f0xx_rtc.o(.text)
    RTC_AlarmStructInit                      0x08001b3b   Thumb Code    22  stm32f0xx_rtc.o(.text)
    RTC_GetAlarm                             0x08001b51   Thumb Code   112  stm32f0xx_rtc.o(.text)
    RTC_AlarmCmd                             0x08001bc1   Thumb Code   104  stm32f0xx_rtc.o(.text)
    RTC_AlarmSubSecondConfig                 0x08001c29   Thumb Code    34  stm32f0xx_rtc.o(.text)
    RTC_GetAlarmSubSecond                    0x08001c4b   Thumb Code    16  stm32f0xx_rtc.o(.text)
    RTC_DayLightSavingConfig                 0x08001c5b   Thumb Code    44  stm32f0xx_rtc.o(.text)
    RTC_GetStoreOperation                    0x08001c87   Thumb Code    12  stm32f0xx_rtc.o(.text)
    RTC_OutputConfig                         0x08001c93   Thumb Code    44  stm32f0xx_rtc.o(.text)
    RTC_CalibOutputCmd                       0x08001cbf   Thumb Code    52  stm32f0xx_rtc.o(.text)
    RTC_CalibOutputConfig                    0x08001cf3   Thumb Code    38  stm32f0xx_rtc.o(.text)
    RTC_SmoothCalibConfig                    0x08001d19   Thumb Code    86  stm32f0xx_rtc.o(.text)
    RTC_TimeStampCmd                         0x08001d6f   Thumb Code    56  stm32f0xx_rtc.o(.text)
    RTC_GetTimeStamp                         0x08001da7   Thumb Code   174  stm32f0xx_rtc.o(.text)
    RTC_GetTimeStampSubSecond                0x08001e55   Thumb Code     6  stm32f0xx_rtc.o(.text)
    RTC_TamperTriggerConfig                  0x08001e5b   Thumb Code    40  stm32f0xx_rtc.o(.text)
    RTC_TamperCmd                            0x08001e83   Thumb Code    36  stm32f0xx_rtc.o(.text)
    RTC_TamperFilterConfig                   0x08001ea7   Thumb Code    28  stm32f0xx_rtc.o(.text)
    RTC_TamperSamplingFreqConfig             0x08001ec3   Thumb Code    28  stm32f0xx_rtc.o(.text)
    RTC_TamperPinsPrechargeDuration          0x08001edf   Thumb Code    28  stm32f0xx_rtc.o(.text)
    RTC_TimeStampOnTamperDetectionCmd        0x08001efb   Thumb Code    40  stm32f0xx_rtc.o(.text)
    RTC_TamperPullUpCmd                      0x08001f23   Thumb Code    44  stm32f0xx_rtc.o(.text)
    RTC_WriteBackupRegister                  0x08001f4f   Thumb Code    26  stm32f0xx_rtc.o(.text)
    RTC_ReadBackupRegister                   0x08001f69   Thumb Code    28  stm32f0xx_rtc.o(.text)
    RTC_OutputTypeConfig                     0x08001f85   Thumb Code    28  stm32f0xx_rtc.o(.text)
    RTC_SynchroShiftConfig                   0x08001fa1   Thumb Code   110  stm32f0xx_rtc.o(.text)
    RTC_ITConfig                             0x0800200f   Thumb Code    94  stm32f0xx_rtc.o(.text)
    RTC_GetFlagStatus                        0x0800206d   Thumb Code    32  stm32f0xx_rtc.o(.text)
    RTC_ClearFlag                            0x0800208d   Thumb Code    26  stm32f0xx_rtc.o(.text)
    RTC_GetITStatus                          0x080020a7   Thumb Code    70  stm32f0xx_rtc.o(.text)
    RTC_ClearITPendingBit                    0x080020ed   Thumb Code    30  stm32f0xx_rtc.o(.text)
    GPIO_DeInit                              0x08002115   Thumb Code   132  stm32f0xx_gpio.o(.text)
    GPIO_Init                                0x08002199   Thumb Code   144  stm32f0xx_gpio.o(.text)
    GPIO_StructInit                          0x08002229   Thumb Code    20  stm32f0xx_gpio.o(.text)
    GPIO_PinLockConfig                       0x0800223d   Thumb Code    34  stm32f0xx_gpio.o(.text)
    GPIO_ReadInputDataBit                    0x0800225f   Thumb Code    18  stm32f0xx_gpio.o(.text)
    GPIO_ReadInputData                       0x08002271   Thumb Code     6  stm32f0xx_gpio.o(.text)
    GPIO_ReadOutputDataBit                   0x08002277   Thumb Code    18  stm32f0xx_gpio.o(.text)
    GPIO_ReadOutputData                      0x08002289   Thumb Code     6  stm32f0xx_gpio.o(.text)
    GPIO_SetBits                             0x0800228f   Thumb Code     4  stm32f0xx_gpio.o(.text)
    GPIO_ResetBits                           0x08002293   Thumb Code     4  stm32f0xx_gpio.o(.text)
    GPIO_WriteBit                            0x08002297   Thumb Code    12  stm32f0xx_gpio.o(.text)
    GPIO_Write                               0x080022a3   Thumb Code     4  stm32f0xx_gpio.o(.text)
    GPIO_PinAFConfig                         0x080022a7   Thumb Code    68  stm32f0xx_gpio.o(.text)
    PWR_DeInit                               0x08002301   Thumb Code    22  stm32f0xx_pwr.o(.text)
    PWR_BackupAccessCmd                      0x08002317   Thumb Code    36  stm32f0xx_pwr.o(.text)
    PWR_PVDLevelConfig                       0x0800233b   Thumb Code    28  stm32f0xx_pwr.o(.text)
    PWR_PVDCmd                               0x08002357   Thumb Code    32  stm32f0xx_pwr.o(.text)
    PWR_WakeUpPinCmd                         0x08002377   Thumb Code    28  stm32f0xx_pwr.o(.text)
    PWR_EnterSleepMode                       0x08002393   Thumb Code    24  stm32f0xx_pwr.o(.text)
    PWR_EnterSTOPMode                        0x080023ab   Thumb Code    60  stm32f0xx_pwr.o(.text)
    PWR_EnterSTANDBYMode                     0x080023e7   Thumb Code    40  stm32f0xx_pwr.o(.text)
    PWR_GetFlagStatus                        0x0800240f   Thumb Code    20  stm32f0xx_pwr.o(.text)
    PWR_ClearFlag                            0x08002423   Thumb Code    14  stm32f0xx_pwr.o(.text)
    SystemInit                               0x08002503   Thumb Code   110  system_stm32f0xx.o(.text)
    SystemCoreClockUpdate                    0x08002571   Thumb Code   154  system_stm32f0xx.o(.text)
    NVIC_Init                                0x0800262d   Thumb Code   106  stm32f0xx_misc.o(.text)
    NVIC_SystemLPConfig                      0x08002697   Thumb Code    28  stm32f0xx_misc.o(.text)
    SysTick_CLKSourceConfig                  0x080026b3   Thumb Code    32  stm32f0xx_misc.o(.text)
    __aeabi_uidiv                            0x080026e1   Thumb Code     0  uidiv.o(.text)
    __aeabi_uidivmod                         0x080026e1   Thumb Code    44  uidiv.o(.text)
    __aeabi_memset                           0x0800270d   Thumb Code    14  memseta.o(.text)
    __aeabi_memset4                          0x0800270d   Thumb Code     0  memseta.o(.text)
    __aeabi_memset8                          0x0800270d   Thumb Code     0  memseta.o(.text)
    __aeabi_memclr                           0x0800271b   Thumb Code     4  memseta.o(.text)
    __aeabi_memclr4                          0x0800271b   Thumb Code     0  memseta.o(.text)
    __aeabi_memclr8                          0x0800271b   Thumb Code     0  memseta.o(.text)
    _memset$wrapper                          0x0800271f   Thumb Code    18  memseta.o(.text)
    strstr                                   0x08002731   Thumb Code    40  strstr.o(.text)
    strcmp                                   0x08002759   Thumb Code    28  strcmp.o(.text)
    strncmp                                  0x08002775   Thumb Code    30  strncmp.o(.text)
    __scatterload                            0x08002795   Thumb Code    28  init.o(.text)
    __scatterload_rt2                        0x08002795   Thumb Code     0  init.o(.text)
    __decompress                             0x080027b9   Thumb Code     0  __dclz77c.o(.text)
    __decompress2                            0x080027b9   Thumb Code    94  __dclz77c.o(.text)
    __0printf$1                              0x08002819   Thumb Code    24  printf1.o(i.__0printf$1)
    __1printf$1                              0x08002819   Thumb Code     0  printf1.o(i.__0printf$1)
    __2printf                                0x08002819   Thumb Code     0  printf1.o(i.__0printf$1)
    __scatterload_copy                       0x08002839   Thumb Code    14  handlers.o(i.__scatterload_copy)
    __scatterload_null                       0x08002847   Thumb Code     2  handlers.o(i.__scatterload_null)
    __scatterload_zeroinit                   0x08002849   Thumb Code    14  handlers.o(i.__scatterload_zeroinit)
    Region$$Table$$Base                      0x080029f8   Number         0  anon$$obj.o(Region$$Table)
    Region$$Table$$Limit                     0x08002a18   Number         0  anon$$obj.o(Region$$Table)
    SunriseHour                              0x20000000   Data         372  main.o(.data)
    SunriseMinute                            0x20000174   Data         372  main.o(.data)
    SunsetHour                               0x200002e8   Data         372  main.o(.data)
    SunsetMinute                             0x2000045c   Data         372  main.o(.data)
    NiceWeather                              0x200005d0   Data           1  main.o(.data)
    SystemOn                                 0x200005d1   Data           1  main.o(.data)
    Period                                   0x200005d2   Data           1  main.o(.data)
    SendOrder                                0x200005d3   Data           1  main.o(.data)
    Handle_U2Data                            0x200005d4   Data           1  main.o(.data)
    SunriseHourToday                         0x200005d5   Data           1  main.o(.data)
    SunriseMinuteToday                       0x200005d6   Data           1  main.o(.data)
    SunsetHourToday                          0x200005d7   Data           1  main.o(.data)
    SunsetMinuteToday                        0x200005d8   Data           1  main.o(.data)
    year                                     0x200005d9   Data           1  main.o(.data)
    month                                    0x200005da   Data           1  main.o(.data)
    day                                      0x200005db   Data           1  main.o(.data)
    hour                                     0x200005dc   Data           1  main.o(.data)
    minute                                   0x200005dd   Data           1  main.o(.data)
    second                                   0x200005de   Data           1  main.o(.data)
    RTC_Time                                 0x200005df   Data           4  main.o(.data)
    RTC_Date                                 0x200005e3   Data           4  main.o(.data)
    RTC_TimeSet                              0x200005e7   Data           4  main.o(.data)
    RTC_DateSet                              0x200005eb   Data           4  main.o(.data)
    ReceiveID                                0x200005f0   Data           4  stm32f0xx_it.o(.data)
    Rx_Lenght                                0x200005f4   Data           1  stm32f0xx_it.o(.data)
    Rx_flg                                   0x200005f5   Data           1  stm32f0xx_it.o(.data)
    SystemCoreClock                          0x20000608   Data           4  system_stm32f0xx.o(.data)
    AHBPrescTable                            0x2000060c   Data          16  system_stm32f0xx.o(.data)
    __stdout                                 0x2000061c   Data           4  stdout.o(.data)
    USART2_Rx_Buffer                         0x20000620   Data         256  stm32f0xx_it.o(.bss)
    __initial_sp                             0x20000b20   Data           0  startup_stm32f030.o(STACK)



==============================================================================

Memory Map of the image

  Image Entry point : 0x080000c9

  Load Region LR_1 (Base: 0x08000000, Size: 0x00003038, Max: 0xffffffff, ABSOLUTE, COMPRESSED[0x00002c78])

    Execution Region ER_RO (Base: 0x08000000, Size: 0x00002a18, Max: 0xffffffff, ABSOLUTE)

    Base Addr    Size         Type   Attr      Idx    E Section Name        Object

    0x08000000   0x000000b4   Data   RO            3    RESET               startup_stm32f030.o
    0x080000b4   0x00000000   Code   RO          447  * .ARM.Collect$$$$00000000  mc_p.l(entry.o)
    0x080000b4   0x00000004   Code   RO          721    .ARM.Collect$$$$00000001  mc_p.l(entry2.o)
    0x080000b8   0x00000004   Code   RO          724    .ARM.Collect$$$$00000004  mc_p.l(entry5.o)
    0x080000bc   0x00000000   Code   RO          726    .ARM.Collect$$$$00000008  mc_p.l(entry7b.o)
    0x080000bc   0x00000000   Code   RO          728    .ARM.Collect$$$$0000000A  mc_p.l(entry8b.o)
    0x080000bc   0x00000008   Code   RO          729    .ARM.Collect$$$$0000000B  mc_p.l(entry9a.o)
    0x080000c4   0x00000000   Code   RO          731    .ARM.Collect$$$$0000000D  mc_p.l(entry10a.o)
    0x080000c4   0x00000000   Code   RO          733    .ARM.Collect$$$$0000000F  mc_p.l(entry11a.o)
    0x080000c4   0x00000004   Code   RO          722    .ARM.Collect$$$$00002712  mc_p.l(entry2.o)
    0x080000c8   0x0000001c   Code   RO            4  * .text               startup_stm32f030.o
    0x080000e4   0x00000648   Code   RO           12    .text               main.o
    0x0800072c   0x000000cc   Code   RO          138    .text               stm32f0xx_it.o
    0x080007f8   0x000001d8   Code   RO          164    .text               usart.o
    0x080009d0   0x0000007a   Code   RO          185    .text               rtc.o
    0x08000a4a   0x00000002   PAD
    0x08000a4c   0x0000056e   Code   RO          205    .text               stm32f0xx_usart.o
    0x08000fba   0x00000002   PAD
    0x08000fbc   0x000005f4   Code   RO          288    .text               stm32f0xx_rcc.o
    0x080015b0   0x00000b64   Code   RO          316    .text               stm32f0xx_rtc.o
    0x08002114   0x000001ec   Code   RO          339    .text               stm32f0xx_gpio.o
    0x08002300   0x00000138   Code   RO          362    .text               stm32f0xx_pwr.o
    0x08002438   0x000001f4   Code   RO          382    .text               system_stm32f0xx.o
    0x0800262c   0x000000b4   Code   RO          426    .text               stm32f0xx_misc.o
    0x080026e0   0x0000002c   Code   RO          450    .text               mc_p.l(uidiv.o)
    0x0800270c   0x00000024   Code   RO          452    .text               mc_p.l(memseta.o)
    0x08002730   0x00000028   Code   RO          454    .text               mc_p.l(strstr.o)
    0x08002758   0x0000001c   Code   RO          456    .text               mc_p.l(strcmp.o)
    0x08002774   0x0000001e   Code   RO          458    .text               mc_p.l(strncmp.o)
    0x08002792   0x00000002   PAD
    0x08002794   0x00000024   Code   RO          749    .text               mc_p.l(init.o)
    0x080027b8   0x0000005e   Code   RO          769    .text               mc_p.l(__dclz77c.o)
    0x08002816   0x00000002   PAD
    0x08002818   0x00000020   Code   RO          505    i.__0printf$1       mc_p.l(printf1.o)
    0x08002838   0x0000000e   Code   RO          763    i.__scatterload_copy  mc_p.l(handlers.o)
    0x08002846   0x00000002   Code   RO          764    i.__scatterload_null  mc_p.l(handlers.o)
    0x08002848   0x0000000e   Code   RO          765    i.__scatterload_zeroinit  mc_p.l(handlers.o)
    0x08002856   0x00000002   PAD
    0x08002858   0x0000014c   Code   RO          512    i._printf_core      mc_p.l(printf1.o)
    0x080029a4   0x00000051   Data   RO          140    .constdata          stm32f0xx_it.o
    0x080029f5   0x00000003   PAD
    0x080029f8   0x00000020   Data   RO          761    Region$$Table       anon$$obj.o


    Execution Region ER_RW (Base: 0x20000000, Size: 0x00000620, Max: 0xffffffff, ABSOLUTE, COMPRESSED[0x00000260])

    Base Addr    Size         Type   Attr      Idx    E Section Name        Object

    0x20000000   0x000005ef   Data   RW           13    .data               main.o
    0x200005ef   0x00000001   PAD
    0x200005f0   0x00000006   Data   RW          141    .data               stm32f0xx_it.o
    0x200005f6   0x00000010   Data   RW          289    .data               stm32f0xx_rcc.o
    0x20000606   0x00000002   PAD
    0x20000608   0x00000014   Data   RW          383    .data               system_stm32f0xx.o
    0x2000061c   0x00000004   Data   RW          735    .data               mc_p.l(stdout.o)


    Execution Region ER_ZI (Base: 0x20000620, Size: 0x00000500, Max: 0xffffffff, ABSOLUTE)

    Base Addr    Size         Type   Attr      Idx    E Section Name        Object

    0x20000620   0x00000100   Zero   RW          139    .bss                stm32f0xx_it.o
    0x20000720   0x00000400   Zero   RW            1    STACK               startup_stm32f030.o


==============================================================================

Image component sizes


      Code (inc. data)   RO Data    RW Data    ZI Data      Debug   Object Name

      1608        330          0       1519          0     117594   main.o
       122          0          0          0          0        509   rtc.o
        28          8        180          0       1024        540   startup_stm32f030.o
       492         22          0          0          0       7681   stm32f0xx_gpio.o
       204         38         81          6        256       1979   stm32f0xx_it.o
       180         14          0          0          0       1948   stm32f0xx_misc.o
       312          8          0          0          0       2034   stm32f0xx_pwr.o
      1524         44          0         16          0      18282   stm32f0xx_rcc.o
      2916         48          0          0          0      24704   stm32f0xx_rtc.o
      1390         12          0          0          0      31239   stm32f0xx_usart.o
       500         34          0         20          0       1367   system_stm32f0xx.o
       472         22          0          0          0       1721   usart.o

    ----------------------------------------------------------------------
      9752        580        296       1564       1280     209598   Object Totals
         0          0         32          0          0          0   (incl. Generated)
         4          0          3          3          0          0   (incl. Padding)

    ----------------------------------------------------------------------

      Code (inc. data)   RO Data    RW Data    ZI Data      Debug   Library Member Name

        94          0          0          0          0          0   __dclz77c.o
         0          0          0          0          0          0   entry.o
         0          0          0          0          0          0   entry10a.o
         0          0          0          0          0          0   entry11a.o
         8          4          0          0          0          0   entry2.o
         4          0          0          0          0          0   entry5.o
         0          0          0          0          0          0   entry7b.o
         0          0          0          0          0          0   entry8b.o
         8          4          0          0          0          0   entry9a.o
        30          0          0          0          0          0   handlers.o
        36          8          0          0          0         68   init.o
        36          0          0          0          0        100   memseta.o
       364         14          0          0          0        164   printf1.o
         0          0          0          4          0          0   stdout.o
        28          0          0          0          0         68   strcmp.o
        30          0          0          0          0         72   strncmp.o
        40          0          0          0          0         72   strstr.o
        44          0          0          0          0         72   uidiv.o

    ----------------------------------------------------------------------
       728         30          0          4          0        616   Library Totals
         6          0          0          0          0          0   (incl. Padding)

    ----------------------------------------------------------------------

      Code (inc. data)   RO Data    RW Data    ZI Data      Debug   Library Name

       722         30          0          4          0        616   mc_p.l

    ----------------------------------------------------------------------
       728         30          0          4          0        616   Library Totals

    ----------------------------------------------------------------------

==============================================================================


      Code (inc. data)   RO Data    RW Data    ZI Data      Debug   

     10480        610        296       1568       1280     209018   Grand Totals
     10480        610        296        608       1280     209018   ELF Image Totals (compressed)
     10480        610        296        608          0          0   ROM Totals

==============================================================================

    Total RO  Size (Code + RO Data)                10776 (  10.52kB)
    Total RW  Size (RW Data + ZI Data)              2848 (   2.78kB)
    Total ROM Size (Code + RO Data + RW Data)      11384 (  11.12kB)

==============================================================================

